 mysqlmanager

 Timestamp is 4cd2d71e (Thu Nov 04 16:54:06 2010)

 Preferred load address is 0000000140000000

 Start         Length     Name                   Class
 0001:00000000 000f1e56H .text                   CODE
 0001:000f1e60 00001026H .text$0                 CODE
 0001:000f2e90 000010a0H .text$00                CODE
 0001:000f3f30 00001020H .text$yd                CODE
 0002:00000000 00000109H .CRT$XCA                DATA
 0002:00000110 00000109H .CRT$XCZ                DATA
 0002:00000220 00000109H .CRT$XIA                DATA
 0002:00000330 0000011cH .CRT$XIC                DATA
 0002:00000450 00000109H .CRT$XIY                DATA
 0002:00000560 00000109H .CRT$XIZ                DATA
 0002:00000670 00000008H .CRT$XLA                DATA
 0002:00000678 00000008H .CRT$XLZ                DATA
 0002:00000680 00000109H .CRT$XPA                DATA
 0002:00000790 00000109H .CRT$XPX                DATA
 0002:000008a0 00000109H .CRT$XPXA               DATA
 0002:000009b0 00000109H .CRT$XPZ                DATA
 0002:00000ac0 00000109H .CRT$XTA                DATA
 0002:00000bd0 00000109H .CRT$XTZ                DATA
 0002:00000ce0 00019b3dH .rdata                  DATA
 0002:0001a820 00000130H .rdata$T                DATA
 0002:0001a950 000001abH .rdata$debug            DATA
 0002:0001ab00 000047e3H .rdata$r                DATA
 0002:0001f2e8 00000109H .rtc$IAA                DATA
 0002:0001f3f8 00000109H .rtc$IZZ                DATA
 0002:0001f508 00000109H .rtc$TAA                DATA
 0002:0001f618 00000109H .rtc$TZZ                DATA
 0002:0001f728 00011dd1H .xdata                  DATA
 0002:00031500 0000019eH .xdata$x                DATA
 0002:0003169e 00000000H .edata                  DATA
 0003:00000000 001594aaH .data                   DATA
 0003:001594c0 000059c4H .bss                    DATA
 0004:00000000 0000bcc4H .pdata                  DATA
 0005:00000000 00000050H .idata$2                DATA
 0005:00000050 00000014H .idata$3                DATA
 0005:00000068 00000828H .idata$4                DATA
 0005:00000890 00000828H .idata$5                DATA
 0005:000010b8 00000ddfH .idata$6                DATA
 0006:00000000 00000101H .tls                    DATA
 0006:00000110 000001e6H .tls$                   DATA
 0006:000002f6 00000101H .tls$ZZZ                DATA

  Address         Publics by Value              Rva+Base               Lib:Object

 0000:00000000       ___safe_se_handler_count   0000000000000000     <absolute>
 0000:00000000       ___safe_se_handler_table   0000000000000000     <absolute>
 0000:00000000       __ImageBase                0000000140000000     <linker-defined>
 0001:000012a0       ?reserve@Buffer@@QEAAH_K0@Z 00000001400022a0 f   buffer.obj
 0001:000013c0       ?get_size@Buffer@@QEAAHXZ  00000001400023c0 f   buffer.obj
 0001:000013d0       ?is_error@Buffer@@QEAAHXZ  00000001400023d0 f   buffer.obj
 0001:000013e0       ?append@Buffer@@QEAAH_KPEBD0@Z 00000001400023e0 f   buffer.obj
 0001:00001460       ?get_instance_map@Manager@@SAPEAVInstance_map@@XZ 0000000140002460 f i command.obj
 0001:00001470       ?get_guardian@Manager@@SAPEAVGuardian@@XZ 0000000140002470 f i command.obj
 0001:00001480       ??0Command@@QEAA@XZ        0000000140002480 f   command.obj
 0001:000014b0       ??1Command@@UEAA@XZ        00000001400024b0 f   command.obj
 0001:000014c0       ??_GCommand@@UEAAPEAXI@Z   00000001400024c0 f i command.obj
 0001:000014c0       ??_ECommand@@UEAAPEAXI@Z   00000001400024c0 f i command.obj
 0001:000014f0       ?alloc_str@Named_value@@SAPEADPEBUst_mysql_lex_string@@@Z 00000001400024f0 f i commands.obj
 0001:00001510       ?free_str@Named_value@@SAXPEAPEAD@Z 0000000140002510 f i commands.obj
 0001:00001540       ??0Named_value@@QEAA@XZ    0000000140002540 f i commands.obj
 0001:00001550       ??0Named_value@@QEAA@PEAD0@Z 0000000140002550 f i commands.obj
 0001:00001560       ?get_name@Named_value@@QEAAPEADXZ 0000000140002560 f i commands.obj
 0001:00001570       ?get_value@Named_value@@QEAAPEADXZ 0000000140002570 f i commands.obj
 0001:00001580       ?free@Named_value@@QEAAXXZ 0000000140002580 f i commands.obj
 0001:000015c0       ?get_size@Named_value_arr@@QEBAHXZ 00000001400025c0 f i commands.obj
 0001:000015d0       ?get_element@Named_value_arr@@QEBA?AVNamed_value@@H@Z 00000001400025d0 f i commands.obj
 0001:00001600       ?add_element@Named_value_arr@@QEAA_NPEAVNamed_value@@@Z 0000000140002600 f i commands.obj
 0001:00001620       ?get_word@@YAXPEAPEBDPEA_KW4enum_seek_method@@@Z 0000000140002620 f i commands.obj
 0001:00001740       ?get_num_options@Instance_options@@QEBAHXZ 0000000140002740 f i commands.obj
 0001:00001750       ?get_option@Instance_options@@QEBA?AVNamed_value@@H@Z 0000000140002750 f i commands.obj
 0001:00001780       ?get_str@Instance_name@@QEBAPEBUst_mysql_lex_string@@XZ 0000000140002780 f i commands.obj
 0001:00001790       ?is_mysqld_compatible@Instance@@QEBA_NXZ 0000000140002790 f i commands.obj
 0001:000017a0       ?is_configured@Instance@@QEBA_NXZ 00000001400027a0 f i commands.obj
 0001:000017b0       ?get_name@Instance@@QEBAPEBUst_mysql_lex_string@@XZ 00000001400027b0 f i commands.obj
 0001:000017c0       ?set_state@Instance@@QEAAXW4enum_instance_state@1@@Z 00000001400027c0 f i commands.obj
 0001:000017d0       ?get_instance_name@Instance_cmd@@IEBAPEBUst_mysql_lex_string@@XZ 00000001400027d0 f i commands.obj
 0001:000017f0       ??0Buffer@@QEAA@_K@Z       00000001400027f0 f i commands.obj
 0001:00001840       ??1Buffer@@QEAA@XZ         0000000140002840 f i commands.obj
 0001:00001850       ??0Iterator@Instance_map@@QEAA@PEAV1@@Z 0000000140002850 f i commands.obj
 0001:00001930       ??0Instance_name@@QEAA@PEBUst_mysql_lex_string@@@Z 0000000140002930 f   commands.obj
 0001:00001980       ?write_header@Show_instances@@AEAAHPEAUst_net@@@Z 0000000140002980 f   commands.obj
 0001:00001a10       ?write_data@Show_instances@@AEAAHPEAUst_net@@@Z 0000000140002a10 f   commands.obj
 0001:00001bc0       ?execute@Flush_instances@@UEAAHPEAUst_net@@K@Z 0000000140002bc0 f   commands.obj
 0001:00001c10       ??0Instance_cmd@@QEAA@PEBUst_mysql_lex_string@@@Z 0000000140002c10 f   commands.obj
 0001:00001c60       ??1Instance_cmd@@UEAA@XZ   0000000140002c60 f i commands.obj
 0001:00001c70       ??0Abstract_instance_cmd@@QEAA@PEBUst_mysql_lex_string@@@Z 0000000140002c70 f   commands.obj
 0001:00001ca0       ??1Abstract_instance_cmd@@UEAA@XZ 0000000140002ca0 f i commands.obj
 0001:00001cb0       ?execute@Abstract_instance_cmd@@UEAAHPEAUst_net@@K@Z 0000000140002cb0 f   commands.obj
 0001:00001d90       ??0Show_instance_status@@QEAA@PEBUst_mysql_lex_string@@@Z 0000000140002d90 f   commands.obj
 0001:00001dc0       ??1Show_instance_status@@UEAA@XZ 0000000140002dc0 f i commands.obj
 0001:00001dd0       ?send_ok_response@Show_instance_status@@MEAAHPEAUst_net@@K@Z 0000000140002dd0 f   commands.obj
 0001:00001e20       ?write_header@Show_instance_status@@AEAAHPEAUst_net@@@Z 0000000140002e20 f   commands.obj
 0001:00001f70       ?write_data@Show_instance_status@@AEAAHPEAUst_net@@PEAVInstance@@@Z 0000000140002f70 f   commands.obj
 0001:00002160       ??0Show_instance_options@@QEAA@PEBUst_mysql_lex_string@@@Z 0000000140003160 f   commands.obj
 0001:00002190       ??1Show_instance_options@@UEAA@XZ 0000000140003190 f i commands.obj
 0001:000021a0       ?send_ok_response@Show_instance_options@@MEAAHPEAUst_net@@K@Z 00000001400031a0 f   commands.obj
 0001:000021f0       ?write_header@Show_instance_options@@AEAAHPEAUst_net@@@Z 00000001400031f0 f   commands.obj
 0001:00002280       ?write_data@Show_instance_options@@AEAAHPEAUst_net@@PEAVInstance@@@Z 0000000140003280 f   commands.obj
 0001:000024b0       ??0Start_instance@@QEAA@PEBUst_mysql_lex_string@@@Z 00000001400034b0 f   commands.obj
 0001:000024e0       ??1Start_instance@@UEAA@XZ 00000001400034e0 f i commands.obj
 0001:000024f0       ?execute_impl@Start_instance@@MEAAHPEAUst_net@@PEAVInstance@@@Z 00000001400034f0 f   commands.obj
 0001:00002570       ?send_ok_response@Start_instance@@MEAAHPEAUst_net@@K@Z 0000000140003570 f   commands.obj
 0001:000025a0       ??0Stop_instance@@QEAA@PEBUst_mysql_lex_string@@@Z 00000001400035a0 f   commands.obj
 0001:000025d0       ??1Stop_instance@@UEAA@XZ  00000001400035d0 f i commands.obj
 0001:000025e0       ?execute_impl@Stop_instance@@MEAAHPEAUst_net@@PEAVInstance@@@Z 00000001400035e0 f   commands.obj
 0001:00002640       ?send_ok_response@Stop_instance@@MEAAHPEAUst_net@@K@Z 0000000140003640 f   commands.obj
 0001:00002670       ??0Create_instance@@QEAA@PEBUst_mysql_lex_string@@@Z 0000000140003670 f   commands.obj
 0001:000026b0       ??1Create_instance@@UEAA@XZ 00000001400036b0 f i commands.obj
 0001:000026e0       ?parse_args@Create_instance@@AEAA_NPEAPEBD@Z 00000001400036e0 f   commands.obj
 0001:00002a50       ?execute@Create_instance@@MEAAHPEAUst_net@@K@Z 0000000140003a50 f   commands.obj
 0001:00002bc0       ??0Drop_instance@@QEAA@PEBUst_mysql_lex_string@@@Z 0000000140003bc0 f   commands.obj
 0001:00002bf0       ??1Drop_instance@@UEAA@XZ  0000000140003bf0 f i commands.obj
 0001:00002c00       ?execute@Drop_instance@@MEAAHPEAUst_net@@K@Z 0000000140003c00 f   commands.obj
 0001:00002d80       ??0Show_instance_log@@QEAA@PEBUst_mysql_lex_string@@W4Log_type@@II@Z 0000000140003d80 f   commands.obj
 0001:00002df0       ??1Show_instance_log@@UEAA@XZ 0000000140003df0 f i commands.obj
 0001:00002e00       ?send_ok_response@Show_instance_log@@MEAAHPEAUst_net@@K@Z 0000000140003e00 f   commands.obj
 0001:00002e50       ?check_params@Show_instance_log@@AEAAHPEAVInstance@@@Z 0000000140003e50 f   commands.obj
 0001:00002ea0       ?write_header@Show_instance_log@@AEAAHPEAUst_net@@@Z 0000000140003ea0 f   commands.obj
 0001:00002f10       ?write_data@Show_instance_log@@AEAAHPEAUst_net@@PEAVInstance@@@Z 0000000140003f10 f   commands.obj
 0001:00003170       ??0Show_instance_log_files@@QEAA@PEBUst_mysql_lex_string@@@Z 0000000140004170 f   commands.obj
 0001:000031a0       ??1Show_instance_log_files@@UEAA@XZ 00000001400041a0 f i commands.obj
 0001:000031b0       ?send_ok_response@Show_instance_log_files@@MEAAHPEAUst_net@@K@Z 00000001400041b0 f   commands.obj
 0001:00003200       ?write_header@Show_instance_log_files@@AEAAHPEAUst_net@@@Z 0000000140004200 f   commands.obj
 0001:000032d0       ?write_data@Show_instance_log_files@@AEAAHPEAUst_net@@PEAVInstance@@@Z 00000001400042d0 f   commands.obj
 0001:00003530       ?get_instance_name@Instance_options_list@@QEBAPEBUst_mysql_lex_string@@XZ 0000000140004530 f i commands.obj
 0001:00003540       ??0Instance_options_list@@QEAA@PEBUst_mysql_lex_string@@@Z 0000000140004540 f   commands.obj
 0001:00003590       ?init@Instance_options_list@@QEAA_NXZ 0000000140004590 f   commands.obj
 0001:000035b0       ??1Instance_options_list@@QEAA@XZ 00000001400045b0 f i commands.obj
 0001:000035c0       ??0Abstract_option_cmd@@IEAA@XZ 00000001400045c0 f   commands.obj
 0001:000035f0       ??1Abstract_option_cmd@@UEAA@XZ 00000001400045f0 f   commands.obj
 0001:00003630       ?correct_file@Abstract_option_cmd@@IEAAHPEAVInstance@@PEAVNamed_value@@_N@Z 0000000140004630 f   commands.obj
 0001:000036b0       ?execute_impl@Abstract_option_cmd@@AEAAHPEAUst_net@@K@Z 00000001400046b0 f   commands.obj
 0001:00003850       ?process_option@Set_option@@MEAAHPEAVInstance@@PEAVNamed_value@@@Z 0000000140004850 f   commands.obj
 0001:00003910       ?process_option@Unset_option@@MEAAHPEAVInstance@@PEAVNamed_value@@@Z 0000000140004910 f   commands.obj
 0001:00003960       ?execute@Syntax_error@@UEAAHPEAUst_net@@K@Z 0000000140004960 f   commands.obj
 0001:00003970       ?execute@Show_instances@@UEAAHPEAUst_net@@K@Z 0000000140004970 f   commands.obj
 0001:000039f0       ??_EInstance_cmd@@UEAAPEAXI@Z 00000001400049f0 f i commands.obj
 0001:000039f0       ??_GInstance_cmd@@UEAAPEAXI@Z 00000001400049f0 f i commands.obj
 0001:00003a30       ??_EAbstract_instance_cmd@@UEAAPEAXI@Z 0000000140004a30 f i commands.obj
 0001:00003a30       ??_GAbstract_instance_cmd@@UEAAPEAXI@Z 0000000140004a30 f i commands.obj
 0001:00003a70       ??_GShow_instance_status@@UEAAPEAXI@Z 0000000140004a70 f i commands.obj
 0001:00003a70       ??_EShow_instance_status@@UEAAPEAXI@Z 0000000140004a70 f i commands.obj
 0001:00003ab0       ?execute_impl@Show_instance_status@@MEAAHPEAUst_net@@PEAVInstance@@@Z 0000000140004ab0 f   commands.obj
 0001:00003b10       ??_GShow_instance_options@@UEAAPEAXI@Z 0000000140004b10 f i commands.obj
 0001:00003b10       ??_EShow_instance_options@@UEAAPEAXI@Z 0000000140004b10 f i commands.obj
 0001:00003b50       ?execute_impl@Show_instance_options@@MEAAHPEAUst_net@@PEAVInstance@@@Z 0000000140004b50 f   commands.obj
 0001:00003bb0       ??_EStart_instance@@UEAAPEAXI@Z 0000000140004bb0 f i commands.obj
 0001:00003bb0       ??_GStart_instance@@UEAAPEAXI@Z 0000000140004bb0 f i commands.obj
 0001:00003bf0       ??_GStop_instance@@UEAAPEAXI@Z 0000000140004bf0 f i commands.obj
 0001:00003bf0       ??_EStop_instance@@UEAAPEAXI@Z 0000000140004bf0 f i commands.obj
 0001:00003c30       ??_GCreate_instance@@UEAAPEAXI@Z 0000000140004c30 f i commands.obj
 0001:00003c30       ??_ECreate_instance@@UEAAPEAXI@Z 0000000140004c30 f i commands.obj
 0001:00003c80       ?init@Create_instance@@QEAA_NPEAPEBD@Z 0000000140004c80 f   commands.obj
 0001:00003ce0       ??_GDrop_instance@@UEAAPEAXI@Z 0000000140004ce0 f i commands.obj
 0001:00003ce0       ??_EDrop_instance@@UEAAPEAXI@Z 0000000140004ce0 f i commands.obj
 0001:00003d20       ??_GShow_instance_log@@UEAAPEAXI@Z 0000000140004d20 f i commands.obj
 0001:00003d20       ??_EShow_instance_log@@UEAAPEAXI@Z 0000000140004d20 f i commands.obj
 0001:00003d60       ?execute_impl@Show_instance_log@@MEAAHPEAUst_net@@PEAVInstance@@@Z 0000000140004d60 f   commands.obj
 0001:00003dd0       ??_GShow_instance_log_files@@UEAAPEAXI@Z 0000000140004dd0 f i commands.obj
 0001:00003dd0       ??_EShow_instance_log_files@@UEAAPEAXI@Z 0000000140004dd0 f i commands.obj
 0001:00003e10       ?execute_impl@Show_instance_log_files@@MEAAHPEAUst_net@@PEAVInstance@@@Z 0000000140004e10 f   commands.obj
 0001:00003e70       ??_GInstance_options_list@@QEAAPEAXI@Z 0000000140004e70 f i commands.obj
 0001:00003eb0       ??_GAbstract_option_cmd@@UEAAPEAXI@Z 0000000140004eb0 f i commands.obj
 0001:00003eb0       ??_EAbstract_option_cmd@@UEAAPEAXI@Z 0000000140004eb0 f i commands.obj
 0001:00003ef0       ?execute@Abstract_option_cmd@@UEAAHPEAUst_net@@K@Z 0000000140004ef0 f   commands.obj
 0001:00003f50       ?get_instance_options_list@Abstract_option_cmd@@AEAAPEAVInstance_options_list@@PEBUst_mysql_lex_string@@@Z 0000000140004f50 f   commands.obj
 0001:00004050       ?add_option@Abstract_option_cmd@@QEAA_NPEBUst_mysql_lex_string@@PEAVNamed_value@@@Z 0000000140005050 f   commands.obj
 0001:00004090       ?init@Abstract_option_cmd@@QEAA_NPEAPEBD@Z 0000000140005090 f   commands.obj
 0001:00004130       ?parse_args@Set_option@@MEAA_NPEAPEBD@Z 0000000140005130 f   commands.obj
 0001:00004550       ?parse_args@Unset_option@@MEAA_NPEAPEBD@Z 0000000140005550 f   commands.obj
 0001:00004840       ??0Thread_info@@QEAA@XZ    0000000140005840 f i guardian.obj
 0001:00004850       ??0Thread@@QEAA@XZ         0000000140005850 f i guardian.obj
 0001:00004870       ??_GThread@@MEAAPEAXI@Z    0000000140005870 f i guardian.obj
 0001:00004870       ??_EThread@@MEAAPEAXI@Z    0000000140005870 f i guardian.obj
 0001:000048b0       ?is_guarded@Instance@@QEBA_NXZ 00000001400058b0 f i guardian.obj
 0001:000048c0       ?get_state@Instance@@QEBA?AW4enum_instance_state@1@XZ 00000001400058c0 f i guardian.obj
 0001:000048d0       ?is_crashed@Instance@@QEAA_NXZ 00000001400058d0 f i guardian.obj
 0001:000048e0       ??0Guardian@@QEAA@PEAVThread_registry@@PEAVInstance_map@@@Z 00000001400058e0 f   guardian.obj
 0001:00004940       ?process_instance@Guardian@@AEAAXPEAVInstance@@@Z 0000000140005940 f   guardian.obj
 0001:00004cb0       ?ping@Guardian@@QEAAXXZ    0000000140005cb0 f   guardian.obj
 0001:00004cc0       ?init@Guardian@@QEAAXXZ    0000000140005cc0 f   guardian.obj
 0001:00004d50       ?stop_instances@Guardian@@AEAAXXZ 0000000140005d50 f   guardian.obj
 0001:00004eb0       ?lock@Guardian@@QEAAXXZ    0000000140005eb0 f   guardian.obj
 0001:00004ec0       ?unlock@Guardian@@QEAAXXZ  0000000140005ec0 f   guardian.obj
 0001:00004ed0       ??1Guardian@@UEAA@XZ       0000000140005ed0 f   guardian.obj
 0001:00004f20       ?request_shutdown@Guardian@@QEAAXXZ 0000000140005f20 f   guardian.obj
 0001:00004f60       ?run@Guardian@@MEAAXXZ     0000000140005f60 f   guardian.obj
 0001:00005190       ?is_stopped@Guardian@@QEAA_NXZ 0000000140006190 f   guardian.obj
 0001:000051d0       ??_GGuardian@@UEAAPEAXI@Z  00000001400061d0 f i guardian.obj
 0001:000051d0       ??_EGuardian@@UEAAPEAXI@Z  00000001400061d0 f i guardian.obj
 0001:00005220       ?get_thread_registry@Manager@@SAPEAVThread_registry@@XZ 0000000140006220 f i instance.obj
 0001:00005490       ?SafeTerminateProcess@@YAHPEAXI@Z 0000000140006490 f   instance.obj
 0001:00005630       ?kill@@YAHHH@Z             0000000140006630 f   instance.obj
 0001:00005680       ??0Instance_monitor@@QEAA@PEAVInstance@@@Z 0000000140006680 f i instance.obj
 0001:000056a0       ??1Instance_monitor@@UEAA@XZ 00000001400066a0 f i instance.obj
 0001:000056b0       ?is_name_valid@Instance@@SA_NPEBUst_mysql_lex_string@@@Z 00000001400066b0 f   instance.obj
 0001:00005720       ?is_mysqld_compatible_name@Instance@@SA_NPEBUst_mysql_lex_string@@@Z 0000000140006720 f   instance.obj
 0001:00005760       ?get_instance_state_name@Instance@@CAPEBDW4enum_instance_state@1@@Z 0000000140006760 f   instance.obj
 0001:00005800       ??0Instance@@QEAA@XZ       0000000140006800 f   instance.obj
 0001:00005870       ??1Instance@@QEAA@XZ       0000000140006870 f   instance.obj
 0001:000058c0       ?init@Instance@@QEAA_NPEBUst_mysql_lex_string@@@Z 00000001400068c0 f   instance.obj
 0001:000058f0       ?complete_initialization@Instance@@QEAA_NXZ 00000001400068f0 f   instance.obj
 0001:00005920       ?is_mysqld_running@Instance@@QEAA_NXZ 0000000140006920 f   instance.obj
 0001:00005a70       ?kill_mysqld@Instance@@QEAA_NH@Z 0000000140006a70 f   instance.obj
 0001:00005b60       ?lock@Instance@@QEAAXXZ    0000000140006b60 f   instance.obj
 0001:00005b80       ?unlock@Instance@@QEAAXXZ  0000000140006b80 f   instance.obj
 0001:00005ba0       ?reset_stat@Instance@@QEAAXXZ 0000000140006ba0 f   instance.obj
 0001:00005bc0       ?remove_pid@Instance@@AEAAXXZ 0000000140006bc0 f   instance.obj
 0001:00005c10       ?wait_for_stop@Instance@@AEAA_NXZ 0000000140006c10 f   instance.obj
 0001:00005ce0       ??_GInstance_monitor@@UEAAPEAXI@Z 0000000140006ce0 f i instance.obj
 0001:00005ce0       ??_EInstance_monitor@@UEAAPEAXI@Z 0000000140006ce0 f i instance.obj
 0001:00005d20       ?start_and_monitor_instance@Instance_monitor@@IEAAXXZ 0000000140006d20 f   instance.obj
 0001:00005ed0       ?is_active@Instance@@QEAA_NXZ 0000000140006ed0 f   instance.obj
 0001:00005f00       ?start_mysqld@Instance@@QEAA_NXZ 0000000140006f00 f   instance.obj
 0001:00005fd0       ?stop_mysqld@Instance@@QEAA_NXZ 0000000140006fd0 f   instance.obj
 0001:000060f0       ?get_state_name@Instance@@QEAAPEBDXZ 00000001400070f0 f   instance.obj
 0001:00006160       ?run@Instance_monitor@@MEAAXXZ 0000000140007160 f   instance.obj
 0001:000061b0       ??_GInstance@@QEAAPEAXI@Z  00000001400071b0 f i instance_map.obj
 0001:000062a0       ??0Instance_map@@QEAA@XZ   00000001400072a0 f   instance_map.obj
 0001:000062c0       ?lock@Instance_map@@QEAAXXZ 00000001400072c0 f   instance_map.obj
 0001:000062d0       ?unlock@Instance_map@@QEAAXXZ 00000001400072d0 f   instance_map.obj
 0001:000062e0       ?add_instance@Instance_map@@QEAAHPEAVInstance@@@Z 00000001400072e0 f   instance_map.obj
 0001:00006300       ?remove_instance@Instance_map@@QEAAHPEAVInstance@@@Z 0000000140007300 f   instance_map.obj
 0001:00006320       ?create_instance@Instance_map@@QEAAHPEBUst_mysql_lex_string@@PEBVNamed_value_arr@@@Z 0000000140007320 f   instance_map.obj
 0001:00006560       ?find@Instance_map@@QEAAPEAVInstance@@PEBUst_mysql_lex_string@@@Z 0000000140007560 f   instance_map.obj
 0001:00006580       ?go_to_first@Iterator@Instance_map@@QEAAXXZ 0000000140007580 f   instance_map.obj
 0001:00006590       ?next@Iterator@Instance_map@@QEAAPEAVInstance@@XZ 0000000140007590 f   instance_map.obj
 0001:000065c0       ?create_instance_in_file@@YAHPEBUst_mysql_lex_string@@PEBVNamed_value_arr@@@Z 00000001400075c0 f   instance_map.obj
 0001:00006920       ?process_one_option@Instance_map@@QEAAHPEBUst_mysql_lex_string@@PEBD@Z 0000000140007920 f   instance_map.obj
 0001:00006b00       ?init@Instance_map@@QEAA_NXZ 0000000140007b00 f   instance_map.obj
 0001:00006b60       ?reset@Instance_map@@QEAA_NXZ 0000000140007b60 f   instance_map.obj
 0001:00006b90       ??1Instance_map@@QEAA@XZ   0000000140007b90 f   instance_map.obj
 0001:00006c50       ?is_there_active_instance@Instance_map@@QEAA_NXZ 0000000140007c50 f   instance_map.obj
 0001:00006cf0       ?complete_initialization@Instance_map@@AEAA_NXZ 0000000140007cf0 f   instance_map.obj
 0001:00006e80       ?load@Instance_map@@QEAAHXZ 0000000140007e80 f   instance_map.obj
 0001:00006fc0       ?strstr@@YAPEADPEADPEBD@Z  0000000140007fc0 f i instance_options.obj
 0001:00006fd0       ?alloc_str@Named_value@@SAPEADPEBD@Z 0000000140007fd0 f i instance_options.obj
 0001:00006fe0       ?remove_element@Named_value_arr@@QEAAXH@Z 0000000140007fe0 f i instance_options.obj
 0001:00007060       ?replace_element@Named_value_arr@@QEAA_NHPEAVNamed_value@@@Z 0000000140008060 f i instance_options.obj
 0001:00007240       ?is_option_im_specific@Instance_options@@SA_NPEBD@Z 0000000140008240 f   instance_options.obj
 0001:000072c0       ??0Instance_options@@QEAA@XZ 00000001400082c0 f   instance_options.obj
 0001:00007370       ?get_default_option@Instance_options@@AEAAHPEAD_KPEBD@Z 0000000140008370 f   instance_options.obj
 0001:00007510       ?fill_instance_version@Instance_options@@AEAA_NXZ 0000000140008510 f   instance_options.obj
 0001:00007760       ?fill_mysqld_real_path@Instance_options@@AEAA_NXZ 0000000140008760 f   instance_options.obj
 0001:000079b0       ?fill_log_options@Instance_options@@AEAA_NXZ 00000001400089b0 f   instance_options.obj
 0001:00007e10       ?get_pid_filename@Instance_options@@QEAAHPEAD@Z 0000000140008e10 f   instance_options.obj
 0001:00007ef0       ?unlink_pidfile@Instance_options@@QEAAHXZ 0000000140008ef0 f   instance_options.obj
 0001:00007f00       ?load_pid@Instance_options@@QEAAHXZ 0000000140008f00 f   instance_options.obj
 0001:00007f80       ?update_var@Instance_options@@AEAAXPEBD0@Z 0000000140008f80 f   instance_options.obj
 0001:00008130       ?find_option@Instance_options@@AEAAHPEBD@Z 0000000140009130 f   instance_options.obj
 0001:00008200       ?add_to_argv@Instance_options@@AEAAHPEBD@Z 0000000140009200 f   instance_options.obj
 0001:00008230       ?print_argv@Instance_options@@QEAAXXZ 0000000140009230 f   instance_options.obj
 0001:000082b0       ?init@Instance_options@@QEAA_NPEBUst_mysql_lex_string@@@Z 00000001400092b0 f   instance_options.obj
 0001:00008360       ??1Instance_options@@QEAA@XZ 0000000140009360 f   instance_options.obj
 0001:000083a0       ?get_shutdown_delay@Instance_options@@QEBAIXZ 00000001400093a0 f   instance_options.obj
 0001:000083c0       ?get_mysqld_port@Instance_options@@QEBAHXZ 00000001400093c0 f   instance_options.obj
 0001:000083e0       ?set_option@Instance_options@@QEAA_NPEAVNamed_value@@@Z 00000001400093e0 f   instance_options.obj
 0001:00008540       ?unset_option@Instance_options@@QEAAXPEBD@Z 0000000140009540 f   instance_options.obj
 0001:00008600       ?complete_initialization@Instance_options@@QEAA_NXZ 0000000140009600 f   instance_options.obj
 0001:00008b00       ?is_shutdown@Thread_registry@@QEAA_NXZ 0000000140009b00 f i listener.obj
 0001:00008b90       ??0Listener@@QEAA@PEAVThread_registry@@PEAVUser_map@@@Z 0000000140009b90 f   listener.obj
 0001:00008bc0       ??1Listener@@UEAA@XZ       0000000140009bc0 f i listener.obj
 0001:00008bd0       ?create_tcp_socket@Listener@@AEAAHXZ 0000000140009bd0 f   listener.obj
 0001:00008e10       ?handle_new_mysql_connection@Listener@@AEAAXPEAUst_vio@@@Z 0000000140009e10 f   listener.obj
 0001:00008ec0       ??_GListener@@UEAAPEAXI@Z  0000000140009ec0 f i listener.obj
 0001:00008ec0       ??_EListener@@UEAAPEAXI@Z  0000000140009ec0 f i listener.obj
 0001:00008f00       ?run@Listener@@MEAAXXZ     0000000140009f00 f   listener.obj
 0001:000094b0       ?log_init@@YAXXZ           000000014000a4b0 f   log.obj
 0001:000094d0       ?log_error@@YAXPEBDZZ      000000014000a4d0 f   log.obj
 0001:00009570       ?log_info@@YAXPEBDZZ       000000014000a570 f   log.obj
 0001:000095d0       ?die@@YAXPEBDZZ            000000014000a5d0 f   log.obj
 0001:00009660       ?onsignal@@YAXH@Z          000000014000a660 f   manager.obj
 0001:00009670       ?set_signals@@YAXPEAH@Z    000000014000a670 f   manager.obj
 0001:000096b0       ?my_sigwait@@YAHPEBHPEAH@Z 000000014000a6b0 f   manager.obj
 0001:000096f0       ??0ThreadModelChecker@?A0xfeba5fb5@@QEAA@XZ 000000014000a6f0 f i manager.obj
 0001:00009720       ?is_linux_threads@ThreadModelChecker@?A0xfeba5fb5@@QEBA_NXZ 000000014000a720 f i manager.obj
 0001:00009730       ?run@ThreadModelChecker@?A0xfeba5fb5@@MEAAXXZ 000000014000a730 f i manager.obj
 0001:00009760       ??1ThreadModelChecker@?A0xfeba5fb5@@UEAA@XZ 000000014000a760 f i manager.obj
 0001:00009770       ?check_if_linux_threads@?A0xfeba5fb5@@YA_NPEA_N@Z 000000014000a770 f   manager.obj
 0001:00009800       ?stop_all_threads@Manager@@CAXXZ 000000014000a800 f   manager.obj
 0001:00009840       ?init_user_map@Manager@@CA_NPEAVUser_map@@@Z 000000014000a840 f   manager.obj
 0001:000098e0       ?flush_instances@Manager@@SAHXZ 000000014000a8e0 f   manager.obj
 0001:000099a0       ??_GThreadModelChecker@?A0xfeba5fb5@@UEAAPEAXI@Z 000000014000a9a0 f i manager.obj
 0001:000099a0       ??_EThreadModelChecker@?A0xfeba5fb5@@UEAAPEAXI@Z 000000014000a9a0 f i manager.obj
 0001:000099e0       ?main@Manager@@SAHXZ       000000014000a9e0 f   manager.obj
 0001:0000a040       ?message@@YAPEBDI@Z        000000014000b040 f   messages.obj
 0001:0000a050       ?errno_to_sqlstate@@YAPEBDI@Z 000000014000b050 f   messages.obj
 0001:0000a070       ??0Mysql_connection@@QEAA@PEAVThread_registry@@PEAVUser_map@@PEAUst_vio@@K@Z 000000014000b070 f   mysql_connection.obj
 0001:0000a0a0       my_net_local_init          000000014000b0a0 f   mysql_connection.obj
 0001:0000a100       slave_io_thread_detach_vio 000000014000b100 f   mysql_connection.obj
 0001:0000a110       ?init@Mysql_connection@@AEAA_NXZ 000000014000b110 f   mysql_connection.obj
 0001:0000a1f0       ?cleanup@Mysql_connection@@AEAAXXZ 000000014000b1f0 f   mysql_connection.obj
 0001:0000a220       ??1Mysql_connection@@UEAA@XZ 000000014000b220 f   mysql_connection.obj
 0001:0000a260       ?check_connection@Mysql_connection@@AEAAHXZ 000000014000b260 f   mysql_connection.obj
 0001:0000a510       ?dispatch_command@Mysql_connection@@AEAAHW4enum_server_command@@PEBD@Z 000000014000b510 f   mysql_connection.obj
 0001:0000a700       ??_EMysql_connection@@UEAAPEAXI@Z 000000014000b700 f i mysql_connection.obj
 0001:0000a700       ??_GMysql_connection@@UEAAPEAXI@Z 000000014000b700 f i mysql_connection.obj
 0001:0000a740       ?do_command@Mysql_connection@@AEAAHXZ 000000014000b740 f   mysql_connection.obj
 0001:0000a870       ?main@Mysql_connection@@AEAAXXZ 000000014000b870 f   mysql_connection.obj
 0001:0000a960       ?run@Mysql_connection@@MEAAXXZ 000000014000b960 f   mysql_connection.obj
 0001:0000aa20       main                       000000014000ba20 f   mysqlmanager.obj
 0001:0000aad0       ?strchr@@YAPEADPEADH@Z     000000014000bad0 f i options.obj
 0001:0000aae0       ?strrchr@@YAPEADPEADH@Z    000000014000bae0 f i options.obj
 0001:0000aaf0       ??0User_management_cmd@@QEAA@XZ 000000014000baf0 f i options.obj
 0001:0000ab10       ??1User_management_cmd@@UEAA@XZ 000000014000bb10 f i options.obj
 0001:0000ab20       ??_EUser_management_cmd@@UEAAPEAXI@Z 000000014000bb20 f i options.obj
 0001:0000ab20       ??_GUser_management_cmd@@UEAAPEAXI@Z 000000014000bb20 f i options.obj
 0001:0000ab50       ??0Print_password_line_cmd@@QEAA@XZ 000000014000bb50 f i options.obj
 0001:0000ab70       ??1Print_password_line_cmd@@UEAA@XZ 000000014000bb70 f i options.obj
 0001:0000ab80       ??0Add_user_cmd@@QEAA@XZ   000000014000bb80 f i options.obj
 0001:0000aba0       ??1Add_user_cmd@@UEAA@XZ   000000014000bba0 f i options.obj
 0001:0000abb0       ??0Drop_user_cmd@@QEAA@XZ  000000014000bbb0 f i options.obj
 0001:0000abd0       ??1Drop_user_cmd@@UEAA@XZ  000000014000bbd0 f i options.obj
 0001:0000abe0       ??0Edit_user_cmd@@QEAA@XZ  000000014000bbe0 f i options.obj
 0001:0000ac00       ??1Edit_user_cmd@@UEAA@XZ  000000014000bc00 f i options.obj
 0001:0000ac10       ??0Clean_db_cmd@@QEAA@XZ   000000014000bc10 f i options.obj
 0001:0000ac30       ??1Clean_db_cmd@@UEAA@XZ   000000014000bc30 f i options.obj
 0001:0000ac40       ??0Check_db_cmd@@QEAA@XZ   000000014000bc40 f i options.obj
 0001:0000ac60       ??1Check_db_cmd@@UEAA@XZ   000000014000bc60 f i options.obj
 0001:0000ac70       ??0List_users_cmd@@QEAA@XZ 000000014000bc70 f i options.obj
 0001:0000ac90       ??1List_users_cmd@@UEAA@XZ 000000014000bc90 f i options.obj
 0001:0000afd0       ?cleanup@Options@@SAXXZ    000000014000bfd0 f   options.obj
 0001:0000b1f0       ??_EPrint_password_line_cmd@@UEAAPEAXI@Z 000000014000c1f0 f i options.obj
 0001:0000b1f0       ??_GPrint_password_line_cmd@@UEAAPEAXI@Z 000000014000c1f0 f i options.obj
 0001:0000b220       ??_GAdd_user_cmd@@UEAAPEAXI@Z 000000014000c220 f i options.obj
 0001:0000b220       ??_EAdd_user_cmd@@UEAAPEAXI@Z 000000014000c220 f i options.obj
 0001:0000b250       ??_GDrop_user_cmd@@UEAAPEAXI@Z 000000014000c250 f i options.obj
 0001:0000b250       ??_EDrop_user_cmd@@UEAAPEAXI@Z 000000014000c250 f i options.obj
 0001:0000b280       ??_GEdit_user_cmd@@UEAAPEAXI@Z 000000014000c280 f i options.obj
 0001:0000b280       ??_EEdit_user_cmd@@UEAAPEAXI@Z 000000014000c280 f i options.obj
 0001:0000b2b0       ??_EClean_db_cmd@@UEAAPEAXI@Z 000000014000c2b0 f i options.obj
 0001:0000b2b0       ??_GClean_db_cmd@@UEAAPEAXI@Z 000000014000c2b0 f i options.obj
 0001:0000b2e0       ??_GCheck_db_cmd@@UEAAPEAXI@Z 000000014000c2e0 f i options.obj
 0001:0000b2e0       ??_ECheck_db_cmd@@UEAAPEAXI@Z 000000014000c2e0 f i options.obj
 0001:0000b310       ??_GList_users_cmd@@UEAAPEAXI@Z 000000014000c310 f i options.obj
 0001:0000b310       ??_EList_users_cmd@@UEAAPEAXI@Z 000000014000c310 f i options.obj
 0001:0000b340       ?load@Options@@SAHHPEAPEAD@Z 000000014000c340 f   options.obj
 0001:0000b510       ??0Show_instances@@QEAA@XZ 000000014000c510 f i parse.obj
 0001:0000b540       ??1Show_instances@@UEAA@XZ 000000014000c540 f i parse.obj
 0001:0000b550       ??0Flush_instances@@QEAA@XZ 000000014000c550 f i parse.obj
 0001:0000b580       ??1Flush_instances@@UEAA@XZ 000000014000c580 f i parse.obj
 0001:0000b590       ??0Set_option@@QEAA@XZ     000000014000c590 f i parse.obj
 0001:0000b5c0       ??1Set_option@@UEAA@XZ     000000014000c5c0 f i parse.obj
 0001:0000b5d0       ??0Unset_option@@QEAA@XZ   000000014000c5d0 f i parse.obj
 0001:0000b600       ??1Unset_option@@UEAA@XZ   000000014000c600 f i parse.obj
 0001:0000b610       ??0Syntax_error@@QEAA@XZ   000000014000c610 f i parse.obj
 0001:0000b640       ??1Syntax_error@@UEAA@XZ   000000014000c640 f i parse.obj
 0001:0000b650       ??0Named_value_arr@@QEAA@XZ 000000014000c650 f   parse.obj
 0001:0000b660       ?init@Named_value_arr@@QEAA_NXZ 000000014000c660 f   parse.obj
 0001:0000b6b0       ??1Named_value_arr@@QEAA@XZ 000000014000c6b0 f   parse.obj
 0001:0000b760       ?find_token@@YA?AW4Token@@PEBD_K@Z 000000014000c760 f i parse.obj
 0001:0000b810       ?get_token@@YA?AW4Token@@PEAPEBDPEA_K@Z 000000014000c810 f   parse.obj
 0001:0000b950       ?shift_token@@YA?AW4Token@@PEAPEBDPEA_K@Z 000000014000c950 f   parse.obj
 0001:0000b980       ?get_text_id@@YAHPEAPEBDPEAUst_mysql_lex_string@@@Z 000000014000c980 f   parse.obj
 0001:0000ba70       ?parse_option_value@@YA_NPEBDPEA_KPEAPEAD@Z 000000014000ca70 f   parse.obj
 0001:0000bc60       ?skip_spaces@@YAXPEAPEBD@Z 000000014000cc60 f   parse.obj
 0001:0000bcb0       ?parse_command@@YAPEAVCommand@@PEBD@Z 000000014000ccb0 f   parse.obj
 0001:0000c800       ??_EShow_instances@@UEAAPEAXI@Z 000000014000d800 f i parse.obj
 0001:0000c800       ??_GShow_instances@@UEAAPEAXI@Z 000000014000d800 f i parse.obj
 0001:0000c840       ??_GFlush_instances@@UEAAPEAXI@Z 000000014000d840 f i parse.obj
 0001:0000c840       ??_EFlush_instances@@UEAAPEAXI@Z 000000014000d840 f i parse.obj
 0001:0000c880       ??_ESet_option@@UEAAPEAXI@Z 000000014000d880 f i parse.obj
 0001:0000c880       ??_GSet_option@@UEAAPEAXI@Z 000000014000d880 f i parse.obj
 0001:0000c8c0       ??_EUnset_option@@UEAAPEAXI@Z 000000014000d8c0 f i parse.obj
 0001:0000c8c0       ??_GUnset_option@@UEAAPEAXI@Z 000000014000d8c0 f i parse.obj
 0001:0000c900       ??_GSyntax_error@@UEAAPEAXI@Z 000000014000d900 f i parse.obj
 0001:0000c900       ??_ESyntax_error@@UEAAPEAXI@Z 000000014000d900 f i parse.obj
 0001:0000c940       ?trim_space@?A0x493e448a@@YAXPEAPEBDPEAI@Z 000000014000d940 f   parse_output.obj
 0001:0000c9d0       ??0Mysqld_output_parser@?A0x493e448a@@QEAA@XZ 000000014000d9d0 f i parse_output.obj
 0001:0000c9f0       ??1Mysqld_output_parser@?A0x493e448a@@UEAA@XZ 000000014000d9f0 f i parse_output.obj
 0001:0000ca00       ??_GMysqld_output_parser@?A0x493e448a@@UEAAPEAXI@Z 000000014000da00 f i parse_output.obj
 0001:0000ca00       ??_EMysqld_output_parser@?A0x493e448a@@UEAAPEAXI@Z 000000014000da00 f i parse_output.obj
 0001:0000ca30       ?parse@Mysqld_output_parser@?A0x493e448a@@QEAA_NPEBD0IPEAD_KW4enum_option_type@@@Z 000000014000da30 f   parse_output.obj
 0001:0000cbb0       ??0Mysqld_output_parser_win@?A0x493e448a@@QEAA@XZ 000000014000dbb0 f i parse_output.obj
 0001:0000cbd0       ??1Mysqld_output_parser_win@?A0x493e448a@@UEAA@XZ 000000014000dbd0 f i parse_output.obj
 0001:0000cbe0       ?run_command@Mysqld_output_parser_win@?A0x493e448a@@MEAA_NPEBD@Z 000000014000dbe0 f   parse_output.obj
 0001:0000cd50       ?read_line@Mysqld_output_parser_win@?A0x493e448a@@MEAA_NPEADI@Z 000000014000dd50 f   parse_output.obj
 0001:0000ce30       ?cleanup@Mysqld_output_parser_win@?A0x493e448a@@MEAA_NXZ 000000014000de30 f   parse_output.obj
 0001:0000ce60       ?parse_output_and_get_value@@YA_NPEBD0IPEAD_KW4enum_option_type@@@Z 000000014000de60 f   parse_output.obj
 0001:0000ced0       ??_GMysqld_output_parser_win@?A0x493e448a@@UEAAPEAXI@Z 000000014000ded0 f i parse_output.obj
 0001:0000ced0       ??_EMysqld_output_parser_win@?A0x493e448a@@UEAAPEAXI@Z 000000014000ded0 f i parse_output.obj
 0001:0000cf00       ?create_pid_file@@YA_NPEBDH@Z 000000014000df00 f   priv.obj
 0001:0000d010       ?net_send_error@@YAHPEAUst_net@@I@Z 000000014000e010 f   protocol.obj
 0001:0000d110       ?net_send_error_323@@YAHPEAUst_net@@I@Z 000000014000e110 f   protocol.obj
 0001:0000d1e0       ?net_store_length@@YAPEADPEADI@Z 000000014000e1e0 f   protocol.obj
 0001:0000d210       ?store_to_protocol_packet@@YAHPEAVBuffer@@PEBDPEA_K_K@Z 000000014000e210 f   protocol.obj
 0001:0000d2c0       ?store_to_protocol_packet@@YAHPEAVBuffer@@PEBDPEA_K@Z 000000014000e2c0 f   protocol.obj
 0001:0000d300       ?send_eof@@YAHPEAUst_net@@@Z 000000014000e300 f   protocol.obj
 0001:0000d360       ?send_fields@@YAHPEAUst_net@@PEAUst_list@@@Z 000000014000e360 f   protocol.obj
 0001:0000d5d0       ?net_send_ok@@YAHPEAUst_net@@KPEBD@Z 000000014000e5d0 f   protocol.obj
 0001:0000d740       ?init@Thread_info@@AEAAX_N@Z 000000014000e740 f   thread_registry.obj
 0001:0000d780       ??0Thread_registry@@QEAA@XZ 000000014000e780 f   thread_registry.obj
 0001:0000d7e0       ??1Thread_registry@@QEAA@XZ 000000014000e7e0 f   thread_registry.obj
 0001:0000d880       ?register_thread@Thread_registry@@QEAAXPEAVThread_info@@_N@Z 000000014000e880 f   thread_registry.obj
 0001:0000d900       ?unregister_thread@Thread_registry@@QEAAXPEAVThread_info@@@Z 000000014000e900 f   thread_registry.obj
 0001:0000d980       ?cond_wait@Thread_registry@@QEAAHPEAVThread_info@@PEAUpthread_cond_t@@PEAU_RTL_CRITICAL_SECTION@@@Z 000000014000e980 f   thread_registry.obj
 0001:0000da40       ?cond_timedwait@Thread_registry@@QEAAHPEAVThread_info@@PEAUpthread_cond_t@@PEAU_RTL_CRITICAL_SECTION@@PEAUtimespec@@@Z 000000014000ea40 f   thread_registry.obj
 0001:0000db10       ?request_shutdown@Thread_registry@@QEAAXXZ 000000014000eb10 f   thread_registry.obj
 0001:0000db30       ?interrupt_threads@Thread_registry@@AEAAXXZ 000000014000eb30 f   thread_registry.obj
 0001:0000dbb0       ?wait_for_threads_to_unregister@Thread_registry@@AEAAXXZ 000000014000ebb0 f   thread_registry.obj
 0001:0000dc50       ??1Thread@@MEAA@XZ         000000014000ec50 f   thread_registry.obj
 0001:0000dc60       ?thread_func@Thread@@CAPEAXPEAX@Z 000000014000ec60 f   thread_registry.obj
 0001:0000dc90       ?start@Thread@@QEAA_NW4enum_thread_type@1@@Z 000000014000ec90 f   thread_registry.obj
 0001:0000dd10       ?join@Thread@@QEAA_NXZ     000000014000ed10 f   thread_registry.obj
 0001:0000dd40       ?get_error_status@Thread_registry@@QEAAHXZ 000000014000ed40 f   thread_registry.obj
 0001:0000dd90       ?set_error_status@Thread_registry@@QEAAXXZ 000000014000ed90 f   thread_registry.obj
 0001:0000ddd0       ?deliver_shutdown@Thread_registry@@QEAAXXZ 000000014000edd0 f   thread_registry.obj
 0001:0000de40       ??0User@@QEAA@XZ           000000014000ee40 f i user_map.obj
 0001:0000de50       ?set_password@User@@QEAAXPEBD@Z 000000014000ee50 f i user_map.obj
 0001:0000de60       ??0Iterator@User_map@@QEAA@PEAV1@@Z 000000014000ee60 f i user_map.obj
 0001:0000de80       ??0User@@QEAA@PEBUst_mysql_lex_string@@PEBD@Z 000000014000ee80 f   user_map.obj
 0001:0000ded0       ?init@User@@QEAAHPEBD@Z    000000014000eed0 f   user_map.obj
 0001:0000e0c0       ?reset@Iterator@User_map@@QEAAXXZ 000000014000f0c0 f   user_map.obj
 0001:0000e0d0       ?next@Iterator@User_map@@QEAAPEAUUser@@XZ 000000014000f0d0 f   user_map.obj
 0001:0000e100       ?init@User_map@@QEAAHXZ    000000014000f100 f   user_map.obj
 0001:0000e180       ??0User_map@@QEAA@XZ       000000014000f180 f   user_map.obj
 0001:0000e190       ??1User_map@@QEAA@XZ       000000014000f190 f   user_map.obj
 0001:0000e1b0       ?load@User_map@@QEAAHPEBDPEAPEBD@Z 000000014000f1b0 f   user_map.obj
 0001:0000e4c0       ?save@User_map@@QEAAHPEBDPEAPEBD@Z 000000014000f4c0 f   user_map.obj
 0001:0000e630       ?find_user@User_map@@QEAAPEAUUser@@PEBUst_mysql_lex_string@@@Z 000000014000f630 f   user_map.obj
 0001:0000e640       ?find_user@User_map@@QEBAPEBUUser@@PEBUst_mysql_lex_string@@@Z 000000014000f640 f   user_map.obj
 0001:0000e650       ?add_user@User_map@@QEAA_NPEAUUser@@@Z 000000014000f650 f   user_map.obj
 0001:0000e670       ?remove_user@User_map@@QEAA_NPEAUUser@@@Z 000000014000f670 f   user_map.obj
 0001:0000e690       ?authenticate@User_map@@QEBAHPEBUst_mysql_lex_string@@PEBD1@Z 000000014000f690 f   user_map.obj
 0001:0000e6f0       ??0IMService@@AEAA@XZ      000000014000f6f0 f   IMService.obj
 0001:0000e730       ?Shutdown@WindowsService@@MEAAXXZ 000000014000f730 f i IMService.obj
 0001:0000e740       ?Pause@WindowsService@@MEAAXXZ 000000014000f740 f i IMService.obj
 0001:0000e750       ?Continue@WindowsService@@MEAAXXZ 000000014000f750 f i IMService.obj
 0001:0000e760       ??1IMService@@AEAA@XZ      000000014000f760 f   IMService.obj
 0001:0000e780       ?Stop@IMService@@MEAAXXZ   000000014000f780 f   IMService.obj
 0001:0000e7b0       ?Run@IMService@@MEAAXKPEAPEAD@Z 000000014000f7b0 f   IMService.obj
 0001:0000e830       ?Log@IMService@@MEAAXPEBD@Z 000000014000f830 f   IMService.obj
 0001:0000e840       ?main@IMService@@SAHXZ     000000014000f840 f   IMService.obj
 0001:0000e9e0       ??0WindowsService@@QEAA@PEBD0@Z 000000014000f9e0 f   WindowsService.obj
 0001:0000ea30       ?Stop@WindowsService@@MEAAXXZ 000000014000fa30 f i WindowsService.obj
 0001:0000ea40       ?Log@WindowsService@@MEAAXPEBD@Z 000000014000fa40 f i WindowsService.obj
 0001:0000ea50       ??1WindowsService@@QEAA@XZ 000000014000fa50 f   WindowsService.obj
 0001:0000ea60       ?IsInstalled@WindowsService@@QEAAHXZ 000000014000fa60 f   WindowsService.obj
 0001:0000ead0       ?SetAcceptedControls@WindowsService@@QEAAXK@Z 000000014000fad0 f   WindowsService.obj
 0001:0000eae0       ?ReportStatus@WindowsService@@IEAAHKKK@Z 000000014000fae0 f   WindowsService.obj
 0001:0000ebb0       ?HandleControlCode@WindowsService@@IEAAXK@Z 000000014000fbb0 f   WindowsService.obj
 0001:0000ec40       ?ControlHandler@WindowsService@@SAXK@Z 000000014000fc40 f   WindowsService.obj
 0001:0000ec60       ?Install@WindowsService@@QEAAHPEBD0@Z 000000014000fc60 f   WindowsService.obj
 0001:0000edb0       ?Remove@WindowsService@@QEAAHXZ 000000014000fdb0 f   WindowsService.obj
 0001:0000ee90       ?RegisterAndRun@WindowsService@@IEAAXKPEAPEAD@Z 000000014000fe90 f   WindowsService.obj
 0001:0000ef30       ?ServiceMain@WindowsService@@SAXKPEAPEAD@Z 000000014000ff30 f   WindowsService.obj
 0001:0000ef50       ?Init@WindowsService@@QEAAHXZ 000000014000ff50 f   WindowsService.obj
 0001:0000f2d0       ?execute@Print_password_line_cmd@@UEAAHXZ 00000001400102d0 f   user_management_commands.obj
 0001:0000f3c0       ?execute@Add_user_cmd@@UEAAHXZ 00000001400103c0 f   user_management_commands.obj
 0001:0000f570       ?execute@Drop_user_cmd@@UEAAHXZ 0000000140010570 f   user_management_commands.obj
 0001:0000f680       ?execute@Edit_user_cmd@@UEAAHXZ 0000000140010680 f   user_management_commands.obj
 0001:0000f7c0       ?execute@Clean_db_cmd@@UEAAHXZ 00000001400107c0 f   user_management_commands.obj
 0001:0000f860       ?execute@Check_db_cmd@@UEAAHXZ 0000000140010860 f   user_management_commands.obj
 0001:0000f8b0       ?execute@List_users_cmd@@UEAAHXZ 00000001400108b0 f   user_management_commands.obj
 0001:0000f980       my_net_init                0000000140010980 f   net_serv.obj
 0001:0000fa60       net_end                    0000000140010a60 f   net_serv.obj
 0001:0000fa90       net_realloc                0000000140010a90 f   net_serv.obj
 0001:0000fc00       net_clear                  0000000140010c00 f   net_serv.obj
 0001:0000fc80       net_real_write             0000000140010c80 f   net_serv.obj
 0001:00010190       my_net_read                0000000140011190 f   net_serv.obj
 0001:00010430       my_net_set_read_timeout    0000000140011430 f   net_serv.obj
 0001:00010460       my_net_set_write_timeout   0000000140011460 f   net_serv.obj
 0001:00010490       net_flush                  0000000140011490 f   net_serv.obj
 0001:00010640       my_net_write               0000000140011640 f   net_serv.obj
 0001:000107a0       net_write_command          00000001400117a0 f   net_serv.obj
 0001:00010970       net_field_length           0000000140011970 f   pack.obj
 0001:000109e0       net_field_length_ll        00000001400119e0 f   pack.obj
 0001:00010a60       net_store_length           0000000140011a60 f   pack.obj
 0001:00010ad0       randominit                 0000000140011ad0 f   password.obj
 0001:00010b50       my_rnd                     0000000140011b50 f   password.obj
 0001:00010b90       hash_password              0000000140011b90 f   password.obj
 0001:00010c40       my_make_scrambled_password_323 0000000140011c40 f   password.obj
 0001:00010c80       make_scrambled_password_323 0000000140011c80 f   password.obj
 0001:00010cc0       scramble_323               0000000140011cc0 f   password.obj
 0001:00010e60       check_scramble_323         0000000140011e60 f   password.obj
 0001:00011010       get_salt_from_password_323 0000000140012010 f   password.obj
 0001:000110b0       make_password_from_salt_323 00000001400120b0 f   password.obj
 0001:000110d0       create_random_string       00000001400120d0 f   password.obj
 0001:00011160       octet2hex                  0000000140012160 f   password.obj
 0001:000112b0       my_make_scrambled_password 00000001400122b0 f   password.obj
 0001:00011390       make_scrambled_password    0000000140012390 f   password.obj
 0001:000113d0       scramble                   00000001400123d0 f   password.obj
 0001:00011530       check_scramble             0000000140012530 f   password.obj
 0001:00011660       get_salt_from_password     0000000140012660 f   password.obj
 0001:00011680       make_password_from_salt    0000000140012680 f   password.obj
 0001:000116a0       mysql_errno_to_sqlstate    00000001400126a0 f   sql_state.obj
 0001:00011700       my_connect                 0000000140012700 f   client.obj
 0001:00011710       set_mysql_error            0000000140012710 f   client.obj
 0001:000117a0       net_clear_error            00000001400127a0 f   client.obj
 0001:00011830       create_named_pipe          0000000140012830 f   client.obj
 0001:00011ad0       free_rows                  0000000140012ad0 f   client.obj
 0001:00011b10       free_old_query             0000000140012b10 f   client.obj
 0001:00011be0       mysql_free_result          0000000140012be0 f   client.obj
 0001:00011d70       mysql_read_default_options 0000000140012d70 f   client.obj
 0001:000123d0       unpack_fields              00000001400133d0 f   client.obj
 0001:000128c0       mysql_init                 00000001400138c0 f   client.obj
 0001:000129b0       mysql_ssl_set              00000001400139b0 f   client.obj
 0001:00012ba0       mysql_get_ssl_cipher       0000000140013ba0 f   client.obj
 0001:00012d00       mysql_init_character_set   0000000140013d00 f   client.obj
 0001:00012ff0       mysql_select_db            0000000140013ff0 f   client.obj
 0001:00013370       mysql_detach_stmt_list     0000000140014370 f   client.obj
 0001:00013380       mysql_send_query           0000000140014380 f   client.obj
 0001:000133d0       mysql_real_query           00000001400143d0 f   client.obj
 0001:00013410       mysql_store_result         0000000140014410 f   client.obj
 0001:000137f0       mysql_fetch_lengths        00000001400147f0 f   client.obj
 0001:00013840       mysql_options              0000000140014840 f   client.obj
 0001:00013be0       mysql_num_rows             0000000140014be0 f   client.obj
 0001:00013bf0       mysql_num_fields           0000000140014bf0 f   client.obj
 0001:00013c00       mysql_errno                0000000140014c00 f   client.obj
 0001:00013c20       mysql_error                0000000140014c20 f   client.obj
 0001:00013c40       mysql_get_server_version   0000000140014c40 f   client.obj
 0001:00013cd0       mysql_set_character_set    0000000140014cd0 f   client.obj
 0001:00013e60       end_server                 0000000140014e60 f   client.obj
 0001:00013ed0       mysql_close                0000000140014ed0 f   client.obj
 0001:00013fe0       cli_safe_read              0000000140014fe0 f   client.obj
 0001:000141e0       cli_read_rows              00000001400151e0 f   client.obj
 0001:000146e0       mysql_real_connect         00000001400156e0 f   client.obj
 0001:00015690       mysql_reconnect            0000000140016690 f   client.obj
 0001:00015b70       mysql_fetch_row            0000000140016b70 f   client.obj
 0001:00015c90       cli_advanced_command       0000000140016c90 f   client.obj
 0001:00015f00       get_tty_password           0000000140016f00 f   get_password.obj
 0001:00016050       init_client_errs           0000000140017050 f   errmsg.obj
 0001:00016070       finish_client_errs         0000000140017070 f   errmsg.obj
 0001:00016080       InitializeCriticalSection  0000000140017080 f   kernel32:KERNEL32.dll
 0001:00016086       EnterCriticalSection       0000000140017086 f   kernel32:KERNEL32.dll
 0001:0001608c       LeaveCriticalSection       000000014001708c f   kernel32:KERNEL32.dll
 0001:00016092       DeleteCriticalSection      0000000140017092 f   kernel32:KERNEL32.dll
 0001:00016098       GetSystemTimeAsFileTime    0000000140017098 f   kernel32:KERNEL32.dll
 0001:0001609e       CloseHandle                000000014001709e f   kernel32:KERNEL32.dll
 0001:000160a4       GetExitCodeProcess         00000001400170a4 f   kernel32:KERNEL32.dll
 0001:000160aa       WaitForSingleObject        00000001400170aa f   kernel32:KERNEL32.dll
 0001:000160b0       CreateProcessA             00000001400170b0 f   kernel32:KERNEL32.dll
 0001:000160b6       SetLastError               00000001400170b6 f   kernel32:KERNEL32.dll
 0001:000160bc       GetLastError               00000001400170bc f   kernel32:KERNEL32.dll
 0001:000160c2       CreateRemoteThread         00000001400170c2 f   kernel32:KERNEL32.dll
 0001:000160c8       GetProcAddress             00000001400170c8 f   kernel32:KERNEL32.dll
 0001:000160ce       DuplicateHandle            00000001400170ce f   kernel32:KERNEL32.dll
 0001:000160d4       GetCurrentProcess          00000001400170d4 f   kernel32:KERNEL32.dll
 0001:000160da       GetModuleHandleA           00000001400170da f   kernel32:KERNEL32.dll
 0001:000160e0       TerminateProcess           00000001400170e0 f   kernel32:KERNEL32.dll
 0001:000160e6       OpenProcess                00000001400170e6 f   kernel32:KERNEL32.dll
 0001:000160ec       GetCurrentThreadId         00000001400170ec f   kernel32:KERNEL32.dll
 0001:000160f2       Sleep                      00000001400170f2 f   kernel32:KERNEL32.dll
 0001:000160f8       GetFullPathNameA           00000001400170f8 f   kernel32:KERNEL32.dll
 0001:000160fe       GetModuleFileNameA         00000001400170fe f   kernel32:KERNEL32.dll
 0001:00016104       SetHandleInformation       0000000140017104 f   kernel32:KERNEL32.dll
 0001:0001610a       CreatePipe                 000000014001710a f   kernel32:KERNEL32.dll
 0001:00016110       ReadFile                   0000000140017110 f   kernel32:KERNEL32.dll
 0001:00016116       SetNamedPipeHandleState    0000000140017116 f   kernel32:KERNEL32.dll
 0001:0001611c       WaitNamedPipeA             000000014001711c f   kernel32:KERNEL32.dll
 0001:00016122       CreateFileA                0000000140017122 f   kernel32:KERNEL32.dll
 0001:00016128       CloseServiceHandle         0000000140017128 f   advapi32:ADVAPI32.dll
 0001:0001612e       OpenServiceA               000000014001712e f   advapi32:ADVAPI32.dll
 0001:00016134       OpenSCManagerA             0000000140017134 f   advapi32:ADVAPI32.dll
 0001:0001613a       SetServiceStatus           000000014001713a f   advapi32:ADVAPI32.dll
 0001:00016140       CreateServiceA             0000000140017140 f   advapi32:ADVAPI32.dll
 0001:00016146       DeleteService              0000000140017146 f   advapi32:ADVAPI32.dll
 0001:0001614c       RegisterServiceCtrlHandlerA 000000014001714c f   advapi32:ADVAPI32.dll
 0001:00016152       StartServiceCtrlDispatcherA 0000000140017152 f   advapi32:ADVAPI32.dll
 0001:00016160       my_realloc                 0000000140017160 f   mysys:my_realloc.obj
 0001:00016210       my_malloc                  0000000140017210 f   mysys:my_malloc.obj
 0001:000162d0       my_no_flags_free           00000001400172d0 f   mysys:my_malloc.obj
 0001:000162f0       my_memdup                  00000001400172f0 f   mysys:my_malloc.obj
 0001:00016340       my_strdup                  0000000140017340 f   mysys:my_malloc.obj
 0001:000163a0       my_strndup                 00000001400173a0 f   mysys:my_malloc.obj
 0001:000163f0       init_dynamic_array2        00000001400173f0 f   mysys:array.obj
 0001:00016470       init_dynamic_array         0000000140017470 f   mysys:array.obj
 0001:00016490       alloc_dynamic              0000000140017490 f   mysys:array.obj
 0001:00016540       pop_dynamic                0000000140017540 f   mysys:array.obj
 0001:00016560       allocate_dynamic           0000000140017560 f   mysys:array.obj
 0001:00016610       get_dynamic                0000000140017610 f   mysys:array.obj
 0001:00016650       delete_dynamic             0000000140017650 f   mysys:array.obj
 0001:00016690       delete_dynamic_element     0000000140017690 f   mysys:array.obj
 0001:000166c0       freeze_size                00000001400176c0 f   mysys:array.obj
 0001:00016720       get_index_dynamic          0000000140017720 f   mysys:array.obj
 0001:00016750       insert_dynamic             0000000140017750 f   mysys:array.obj
 0001:000167b0       set_dynamic                00000001400177b0 f   mysys:array.obj
 0001:00016850       my_charset_same            0000000140017850 f   mysys:charset.obj
 0001:00017050       get_charsets_dir           0000000140018050 f   mysys:charset.obj
 0001:00017110       add_compiled_collation     0000000140018110 f   mysys:charset.obj
 0001:00017200       free_charsets              0000000140018200 f   mysys:charset.obj
 0001:00017210       get_collation_number       0000000140018210 f   mysys:charset.obj
 0001:00017240       get_charset_number         0000000140018240 f   mysys:charset.obj
 0001:000172e0       get_charset_name           00000001400182e0 f   mysys:charset.obj
 0001:00017440       get_charset                0000000140018440 f   mysys:charset.obj
 0001:00017530       get_charset_by_name        0000000140018530 f   mysys:charset.obj
 0001:000175f0       get_charset_by_csname      00000001400185f0 f   mysys:charset.obj
 0001:000176a0       resolve_charset            00000001400186a0 f   mysys:charset.obj
 0001:000176f0       resolve_collation          00000001400186f0 f   mysys:charset.obj
 0001:00017730       escape_string_for_mysql    0000000140018730 f   mysys:charset.obj
 0001:00017940       fs_character_set           0000000140018940 f   mysys:charset.obj
 0001:00017a10       escape_quotes_for_mysql    0000000140018a10 f   mysys:charset.obj
 0001:00017b30       list_add                   0000000140018b30 f   mysys:list.obj
 0001:00017b70       list_delete                0000000140018b70 f   mysys:list.obj
 0001:00017ba0       list_free                  0000000140018ba0 f   mysys:list.obj
 0001:00017c00       list_cons                  0000000140018c00 f   mysys:list.obj
 0001:00017c50       list_reverse               0000000140018c50 f   mysys:list.obj
 0001:00017c80       list_length                0000000140018c80 f   mysys:list.obj
 0001:00017ca0       list_walk                  0000000140018ca0 f   mysys:list.obj
 0001:00017d40       modify_defaults_file       0000000140018d40 f   mysys:default_modify.obj
 0001:000181d0       my_read                    00000001400191d0 f   mysys:my_read.obj
 0001:00018330       my_seek                    0000000140019330 f   mysys:my_seek.obj
 0001:000183e0       my_tell                    00000001400193e0 f   mysys:my_seek.obj
 0001:00018440       my_dirend                  0000000140019440 f   mysys:my_lib.obj
 0001:000184b0       my_dir                     00000001400194b0 f   mysys:my_lib.obj
 0001:00018780       my_fstat                   0000000140019780 f   mysys:my_lib.obj
 0001:00018790       my_stat                    0000000140019790 f   mysys:my_lib.obj
 0001:00018850       my_close                   0000000140019850 f   mysys:my_open.obj
 0001:00018940       my_register_filename       0000000140019940 f   mysys:my_open.obj
 0001:00018a90       my_sopen                   0000000140019a90 f   mysys:my_open.obj
 0001:00018d10       my_open                    0000000140019d10 f   mysys:my_open.obj
 0001:00018dd0       _my_hash_init              0000000140019dd0 f   mysys:hash.obj
 0001:00018eb0       my_hash_free               0000000140019eb0 f   mysys:hash.obj
 0001:00018f20       my_hash_reset              0000000140019f20 f   mysys:hash.obj
 0001:00019170       my_hash_delete             000000014001a170 f   mysys:hash.obj
 0001:00019490       my_hash_element            000000014001a490 f   mysys:hash.obj
 0001:000194b0       my_hash_replace            000000014001a4b0 f   mysys:hash.obj
 0001:000194d0       my_hash_first              000000014001a4d0 f   mysys:hash.obj
 0001:000195b0       my_hash_next               000000014001a5b0 f   mysys:hash.obj
 0001:00019660       my_hash_update             000000014001a660 f   mysys:hash.obj
 0001:00019910       my_hash_search             000000014001a910 f   mysys:hash.obj
 0001:00019930       my_hash_insert             000000014001a930 f   mysys:hash.obj
 0001:00019cc0       pthread_cond_init          000000014001acc0 f   mysys:my_wincond.obj
 0001:00019d40       pthread_cond_destroy       000000014001ad40 f   mysys:my_wincond.obj
 0001:00019d90       pthread_cond_timedwait     000000014001ad90 f   mysys:my_wincond.obj
 0001:00019ea0       pthread_cond_signal        000000014001aea0 f   mysys:my_wincond.obj
 0001:00019ee0       pthread_cond_broadcast     000000014001aee0 f   mysys:my_wincond.obj
 0001:00019f30       pthread_attr_init          000000014001af30 f   mysys:my_wincond.obj
 0001:00019f40       pthread_attr_setstacksize  000000014001af40 f   mysys:my_wincond.obj
 0001:00019f50       pthread_attr_setprio       000000014001af50 f   mysys:my_wincond.obj
 0001:00019f60       pthread_attr_destroy       000000014001af60 f   mysys:my_wincond.obj
 0001:00019f70       localtime_r                000000014001af70 f   mysys:my_wincond.obj
 0001:0001a020       pthread_cond_wait          000000014001b020 f   mysys:my_wincond.obj
 0001:0001a030       my_sleep                   000000014001b030 f   mysys:my_sleep.obj
 0001:0001a050       my_write                   000000014001b050 f   mysys:my_write.obj
 0001:0001a1c0       my_access                  000000014001b1c0 f   mysys:my_access.obj
 0001:0001a270       check_if_legal_tablename   000000014001b270 f   mysys:my_access.obj
 0001:0001a2c0       check_if_legal_filename    000000014001b2c0 f   mysys:my_access.obj
 0001:0001a410       get_defaults_options       000000014001b410 f   mysys:default.obj
 0001:0001a510       free_defaults              000000014001b510 f   mysys:default.obj
 0001:0001b150       my_print_default_files     000000014001c150 f   mysys:default.obj
 0001:0001b300       print_defaults             000000014001c300 f   mysys:default.obj
 0001:0001b480       my_search_option_files     000000014001c480 f   mysys:default.obj
 0001:0001b7b0       my_load_defaults           000000014001c7b0 f   mysys:default.obj
 0001:0001bb90       load_defaults              000000014001cb90 f   mysys:default.obj
 0001:0001bbb0       init_alloc_root            000000014001cbb0 f   mysys:my_alloc.obj
 0001:0001bc30       reset_root_defaults        000000014001cc30 f   mysys:my_alloc.obj
 0001:0001bd10       alloc_root                 000000014001cd10 f   mysys:my_alloc.obj
 0001:0001be30       multi_alloc_root           000000014001ce30 f   mysys:my_alloc.obj
 0001:0001bf30       free_root                  000000014001cf30 f   mysys:my_alloc.obj
 0001:0001c030       set_prealloc_root          000000014001d030 f   mysys:my_alloc.obj
 0001:0001c080       strmake_root               000000014001d080 f   mysys:my_alloc.obj
 0001:0001c0d0       memdup_root                000000014001d0d0 f   mysys:my_alloc.obj
 0001:0001c120       strdup_root                000000014001d120 f   mysys:my_alloc.obj
 0001:0001c150       strlength                  000000014001d150 f   mysys:mf_format.obj
 0001:0001c1b0       fn_format                  000000014001d1b0 f   mysys:mf_format.obj
 0001:0001c400       my_load_path               000000014001d400 f   mysys:mf_loadpath.obj
 0001:0001c540       my_fclose                  000000014001d540 f   mysys:my_fopen.obj
 0001:0001c690       my_fopen                   000000014001d690 f   mysys:my_fopen.obj
 0001:0001c810       my_fdopen                  000000014001d810 f   mysys:my_fopen.obj
 0001:0001c910       dirname_length             000000014001d910 f   mysys:mf_dirname.obj
 0001:0001c970       convert_dirname            000000014001d970 f   mysys:mf_dirname.obj
 0001:0001ca80       dirname_part               000000014001da80 f   mysys:mf_dirname.obj
 0001:0001cae0       my_thread_global_end       000000014001dae0 f   mysys:my_thr_init.obj
 0001:0001cc30       my_thread_end              000000014001dc30 f   mysys:my_thr_init.obj
 0001:0001ccb0       _my_thread_var             000000014001dcb0 f   mysys:my_thr_init.obj
 0001:0001ccd0       my_thread_dbug_id          000000014001dcd0 f   mysys:my_thr_init.obj
 0001:0001ccf0       my_thread_name             000000014001dcf0 f   mysys:my_thr_init.obj
 0001:0001cd10       my_thread_init             000000014001dd10 f   mysys:my_thr_init.obj
 0001:0001cdc0       my_thread_global_init      000000014001ddc0 f   mysys:my_thr_init.obj
 0001:0001cee0       my_delete                  000000014001dee0 f   mysys:my_delete.obj
 0001:0001cf80       nt_share_delete            000000014001df80 f   mysys:my_delete.obj
 0001:0001d0e0       my_end                     000000014001e0e0 f   mysys:my_init.obj
 0001:0001d1d0       my_parameter_handler       000000014001e1d0 f   mysys:my_init.obj
 0001:0001d550       my_init                    000000014001e550 f   mysys:my_init.obj
 0001:0001d6c0       my_getopt_register_get_addr 000000014001e6c0 f   mysys:my_getopt.obj
 0001:0001d760       getopt_compare_strings     000000014001e760 f   mysys:my_getopt.obj
 0001:0001d8a0       getopt_ll_limit_value      000000014001e8a0 f   mysys:my_getopt.obj
 0001:0001d9d0       getopt_ull_limit_value     000000014001e9d0 f   mysys:my_getopt.obj
 0001:0001dda0       my_print_help              000000014001eda0 f   mysys:my_getopt.obj
 0001:0001e040       my_print_variables         000000014001f040 f   mysys:my_getopt.obj
 0001:0001e4a0       my_cleanup_options         000000014001f4a0 f   mysys:my_getopt.obj
 0001:0001e6d0       handle_options             000000014001f6d0 f   mysys:my_getopt.obj
 0001:0001f2c0       gmtime_r                   00000001400202c0 f   mysys:my_pthread.obj
 0001:0001f340       pthread_no_free            0000000140020340 f   mysys:my_pthread.obj
 0001:0001f350       pthread_dummy              0000000140020350 f   mysys:my_pthread.obj
 0001:0001f360       win_pthread_init           0000000140020360 f   mysys:my_winthread.obj
 0001:0001f370       win_pthread_mutex_trylock  0000000140020370 f   mysys:my_winthread.obj
 0001:0001f3b0       pthread_exit               00000001400203b0 f   mysys:my_winthread.obj
 0001:0001f3c0       win_pthread_setspecific    00000001400203c0 f   mysys:my_winthread.obj
 0001:0001f3e0       my_pthread_once            00000001400203e0 f   mysys:my_winthread.obj
 0001:0001f440       pthread_start              0000000140020440 f   mysys:my_winthread.obj
 0001:0001f4b0       pthread_create             00000001400204b0 f   mysys:my_winthread.obj
 0001:0001f580       my_error                   0000000140020580 f   mysys:my_error.obj
 0001:0001f650       my_printf_error            0000000140020650 f   mysys:my_error.obj
 0001:0001f6c0       my_message                 00000001400206c0 f   mysys:my_error.obj
 0001:0001f6d0       my_error_register          00000001400206d0 f   mysys:my_error.obj
 0001:0001f780       my_error_unregister        0000000140020780 f   mysys:my_error.obj
 0001:0001f7e0       my_error_unregister_all    00000001400207e0 f   mysys:my_error.obj
 0001:0001f830       my_compress_alloc          0000000140020830 f   mysys:my_compress.obj
 0001:0001f8f0       my_uncompress              00000001400208f0 f   mysys:my_compress.obj
 0001:0001f990       unpackfrm                  0000000140020990 f   mysys:my_compress.obj
 0001:0001fa50       my_compress                0000000140020a50 f   mysys:my_compress.obj
 0001:0001fac0       packfrm                    0000000140020ac0 f   mysys:my_compress.obj
 0001:0001fb80       mysql_sha1_reset           0000000140020b80 f   mysys:sha1.obj
 0001:00020220       mysql_sha1_result          0000000140021220 f   mysys:sha1.obj
 0001:000202c0       mysql_sha1_input           00000001400212c0 f   mysys:sha1.obj
 0001:00020330       find_type                  0000000140021330 f   mysys:typelib.obj
 0001:000204b0       get_type                   00000001400214b0 f   mysys:typelib.obj
 0001:000204d0       find_typeset               00000001400214d0 f   mysys:typelib.obj
 0001:00020590       copy_typelib               0000000140021590 f   mysys:typelib.obj
 0001:000206d0       find_type_or_exit          00000001400216d0 f   mysys:typelib.obj
 0001:000207c0       make_type                  00000001400217c0 f   mysys:typelib.obj
 0001:000207f0       my_multi_malloc            00000001400217f0 f   mysys:mulalloc.obj
 0001:000208a0       my_gethostbyname_r         00000001400218a0 f   mysys:my_gethostbyname.obj
 0001:000208e0       my_gethostbyname_r_free    00000001400218e0 f   mysys:my_gethostbyname.obj
 0001:000208f0       thr_alarm_kill             00000001400218f0 f   mysys:thr_alarm.obj
 0001:00020900       process_alarm              0000000140021900 f   mysys:thr_alarm.obj
 0001:00020910       thr_alarm                  0000000140021910 f   mysys:thr_alarm.obj
 0001:00020960       thr_got_alarm              0000000140021960 f   mysys:thr_alarm.obj
 0001:000209d0       thr_end_alarm              00000001400219d0 f   mysys:thr_alarm.obj
 0001:00020a00       end_thr_alarm              0000000140021a00 f   mysys:thr_alarm.obj
 0001:00020a10       init_thr_alarm             0000000140021a10 f   mysys:thr_alarm.obj
 0001:00020a20       thr_alarm_info             0000000140021a20 f   mysys:thr_alarm.obj
 0001:00020a30       resize_thr_alarm           0000000140021a30 f   mysys:thr_alarm.obj
 0001:00020a40       my_once_alloc              0000000140021a40 f   mysys:my_once.obj
 0001:00020b40       my_once_strdup             0000000140021b40 f   mysys:my_once.obj
 0001:00020ba0       my_once_memdup             0000000140021ba0 f   mysys:my_once.obj
 0001:00020bf0       my_once_free               0000000140021bf0 f   mysys:my_once.obj
 0001:00020c30       my_getwd                   0000000140021c30 f   mysys:my_getwd.obj
 0001:00020cf0       test_if_hard_path          0000000140021cf0 f   mysys:my_getwd.obj
 0001:00020d60       has_path                   0000000140021d60 f   mysys:my_getwd.obj
 0001:00020db0       my_setwd                   0000000140021db0 f   mysys:my_getwd.obj
 0001:00020e80       init_compiled_charsets     0000000140021e80 f   mysys:charset-def.obj
 0001:000211e0       my_fread                   00000001400221e0 f   mysys:my_fstream.obj
 0001:000212e0       my_fseek                   00000001400222e0 f   mysys:my_fstream.obj
 0001:00021310       my_ftell                   0000000140022310 f   mysys:my_fstream.obj
 0001:00021320       my_fwrite                  0000000140022320 f   mysys:my_fstream.obj
 0001:00021440       my_chsize                  0000000140022440 f   mysys:my_chsize.obj
 0001:000215c0       my_filename                00000001400225c0 f   mysys:my_div.obj
 0001:00021600       my_qsort                   0000000140022600 f   mysys:mf_qsort.obj
 0001:00021e60       init_glob_errs             0000000140022e60 f   mysys:errors.obj
 0001:00021e70       wait_for_free_space        0000000140022e70 f   mysys:errors.obj
 0001:00021f00       array_append_string_unique 0000000140022f00 f   mysys:mf_arr_appstr.obj
 0001:00021f90       cleanup_dirname            0000000140022f90 f   mysys:mf_pack.obj
 0001:00022290       symdirget                  0000000140023290 f   mysys:mf_pack.obj
 0001:00022410       system_filename            0000000140023410 f   mysys:mf_pack.obj
 0001:00022430       intern_filename            0000000140023430 f   mysys:mf_pack.obj
 0001:000224b0       pack_dirname               00000001400234b0 f   mysys:mf_pack.obj
 0001:000226c0       normalize_dirname          00000001400236c0 f   mysys:mf_pack.obj
 0001:00022760       unpack_dirname             0000000140023760 f   mysys:mf_pack.obj
 0001:00022880       unpack_filename            0000000140023880 f   mysys:mf_pack.obj
 0001:00022940       fn_ext                     0000000140023940 f   mysys:mf_fn_ext.obj
 0001:000229c0       my_readlink                00000001400239c0 f   mysys:my_symlink.obj
 0001:000229e0       my_symlink                 00000001400239e0 f   mysys:my_symlink.obj
 0001:000229f0       my_is_symlink              00000001400239f0 f   mysys:my_symlink.obj
 0001:00022a20       my_realpath                0000000140023a20 f   mysys:my_symlink.obj
 0001:00022aa0       my_message_no_curses       0000000140023aa0 f   mysys:my_messnc.obj
 0001:00022b50       my_sync                    0000000140023b50 f   mysys:my_sync.obj
 0001:00022c00       my_sync_dir                0000000140023c00 f   mysys:my_sync.obj
 0001:00022c10       my_sync_dir_by_file        0000000140023c10 f   mysys:my_sync.obj
 0001:00022c20       strnmov                    0000000140023c20 f   strings:strnmov.obj
 0001:00022c60       strmake                    0000000140023c60 f   strings:strmake.obj
 0001:00022ca0       int2str                    0000000140023ca0 f   strings:int2str.obj
 0001:00022da0       int10_to_str               0000000140023da0 f   strings:int2str.obj
 0001:00022e80       strxnmov                   0000000140023e80 f   strings:strxnmov.obj
 0001:00022ee0       strmov                     0000000140023ee0 f   strings:strmov.obj
 0001:00022f10       strend                     0000000140023f10 f   strings:strend.obj
 0001:00022f30       strxmov                    0000000140023f30 f   strings:strxmov.obj
 0001:00022f90       is_prefix                  0000000140023f90 f   strings:is_prefix.obj
 0001:00022fd0       my_strtoll10               0000000140023fd0 f   strings:my_strtoll10.obj
 0001:000235b0       my_hash_sort_latin1_de     00000001400245b0 f   strings:ctype-latin1.obj
 0001:00023660       my_vsnprintf               0000000140024660 f   strings:my_vsnprintf.obj
 0001:000239b0       my_snprintf                00000001400249b0 f   strings:my_vsnprintf.obj
 0001:000239d0       strcend                    00000001400249d0 f   strings:strcend.obj
 0001:000239f0       my_strnxfrmlen_simple      00000001400249f0 f   strings:ctype-simple.obj
 0001:00023a10       my_strnxfrm_simple         0000000140024a10 f   strings:ctype-simple.obj
 0001:00023ab0       my_strnncoll_simple        0000000140024ab0 f   strings:ctype-simple.obj
 0001:00023b60       my_strnncollsp_simple      0000000140024b60 f   strings:ctype-simple.obj
 0001:00023c50       my_caseup_str_8bit         0000000140024c50 f   strings:ctype-simple.obj
 0001:00023c90       my_casedn_str_8bit         0000000140024c90 f   strings:ctype-simple.obj
 0001:00023cd0       my_caseup_8bit             0000000140024cd0 f   strings:ctype-simple.obj
 0001:00023d00       my_casedn_8bit             0000000140024d00 f   strings:ctype-simple.obj
 0001:00023d30       my_strcasecmp_8bit         0000000140024d30 f   strings:ctype-simple.obj
 0001:00023d90       my_mb_wc_8bit              0000000140024d90 f   strings:ctype-simple.obj
 0001:00023dd0       my_wc_mb_8bit              0000000140024dd0 f   strings:ctype-simple.obj
 0001:00023e30       my_snprintf_8bit           0000000140024e30 f   strings:ctype-simple.obj
 0001:00023e60       my_hash_sort_simple        0000000140024e60 f   strings:ctype-simple.obj
 0001:00023ee0       my_strntol_8bit            0000000140024ee0 f   strings:ctype-simple.obj
 0001:00024060       my_strntoul_8bit           0000000140025060 f   strings:ctype-simple.obj
 0001:000241c0       my_strntoll_8bit           00000001400251c0 f   strings:ctype-simple.obj
 0001:00024350       my_strntoull_8bit          0000000140025350 f   strings:ctype-simple.obj
 0001:000244c0       my_strntod_8bit            00000001400254c0 f   strings:ctype-simple.obj
 0001:000244f0       my_long10_to_str_8bit      00000001400254f0 f   strings:ctype-simple.obj
 0001:00024600       my_longlong10_to_str_8bit  0000000140025600 f   strings:ctype-simple.obj
 0001:00024740       my_wildcmp_8bit            0000000140025740 f   strings:ctype-simple.obj
 0001:00024960       my_like_range_simple       0000000140025960 f   strings:ctype-simple.obj
 0001:00024ad0       my_scan_8bit               0000000140025ad0 f   strings:ctype-simple.obj
 0001:00024b30       my_fill_8bit               0000000140025b30 f   strings:ctype-simple.obj
 0001:00024b40       my_numchars_8bit           0000000140025b40 f   strings:ctype-simple.obj
 0001:00024b50       my_numcells_8bit           0000000140025b50 f   strings:ctype-simple.obj
 0001:00024b60       my_charpos_8bit            0000000140025b60 f   strings:ctype-simple.obj
 0001:00024b70       my_well_formed_len_8bit    0000000140025b70 f   strings:ctype-simple.obj
 0001:00024b90       my_lengthsp_8bit           0000000140025b90 f   strings:ctype-simple.obj
 0001:00024bc0       my_instr_simple            0000000140025bc0 f   strings:ctype-simple.obj
 0001:00024fd0       my_strtoll10_8bit          0000000140025fd0 f   strings:ctype-simple.obj
 0001:00024ff0       my_mb_ctype_8bit           0000000140025ff0 f   strings:ctype-simple.obj
 0001:00025020       my_strntoull10rnd_8bit     0000000140026020 f   strings:ctype-simple.obj
 0001:00025450       my_propagate_simple        0000000140026450 f   strings:ctype-simple.obj
 0001:00025460       my_propagate_complex       0000000140026460 f   strings:ctype-simple.obj
 0001:000254d0       my_lengthsp_binary         00000001400264d0 f   strings:ctype-bin.obj
 0001:00025630       my_mbcharlen_8bit          0000000140026630 f   strings:ctype-bin.obj
 0001:00025680       my_hash_sort_8bit_bin      0000000140026680 f   strings:ctype-bin.obj
 0001:000256e0       my_hash_sort_bin           00000001400266e0 f   strings:ctype-bin.obj
 0001:00025730       my_wildcmp_bin             0000000140026730 f   strings:ctype-bin.obj
 0001:00026170       my_parse_charset_xml       0000000140027170 f   strings:ctype.obj
 0001:00026230       my_string_repertoire       0000000140027230 f   strings:ctype.obj
 0001:000262e0       my_charset_repertoire      00000001400272e0 f   strings:ctype.obj
 0001:000262f0       my_charset_is_ascii_based  00000001400272f0 f   strings:ctype.obj
 0001:00026330       my_charset_is_8bit_pure_ascii 0000000140027330 f   strings:ctype.obj
 0001:00028170       str2int                    0000000140029170 f   strings:str2int.obj
 0001:00028350       strtoll                    0000000140029350 f   strings:strtoll.obj
 0001:00028560       llstr                      0000000140029560 f   strings:llstr.obj
 0001:00028580       ullstr                     0000000140029580 f   strings:llstr.obj
 0001:000285a0       my_strtod                  00000001400295a0 f   strings:strtod.obj
 0001:00028920       my_atof                    0000000140029920 f   strings:strtod.obj
 0001:00028950       longlong2str               0000000140029950 f   strings:longlong2str.obj
 0001:00028a90       longlong10_to_str          0000000140029a90 f   strings:longlong2str.obj
 0001:00028bb0       my_wildcmp_unicode         0000000140029bb0 f   strings:ctype-utf8.obj
 0001:0002cd30       my_strntol_ucs2            000000014002dd30 f   strings:ctype-ucs2.obj
 0001:0002cf70       my_strntoul_ucs2           000000014002df70 f   strings:ctype-ucs2.obj
 0001:0002d190       my_strntoll_ucs2           000000014002e190 f   strings:ctype-ucs2.obj
 0001:0002d400       my_strntoull_ucs2          000000014002e400 f   strings:ctype-ucs2.obj
 0001:0002d630       my_strntod_ucs2            000000014002e630 f   strings:ctype-ucs2.obj
 0001:0002d720       my_strntoull10rnd_ucs2     000000014002e720 f   strings:ctype-ucs2.obj
 0001:0002d840       my_l10tostr_ucs2           000000014002e840 f   strings:ctype-ucs2.obj
 0001:0002d970       my_ll10tostr_ucs2          000000014002e970 f   strings:ctype-ucs2.obj
 0001:0002dac0       my_strtoll10_ucs2          000000014002eac0 f   strings:ctype-ucs2.obj
 0001:0002e240       my_like_range_ucs2         000000014002f240 f   strings:ctype-ucs2.obj
 0001:0002e560       my_scan_ucs2               000000014002f560 f   strings:ctype-ucs2.obj
 0001:0002f0e0       my_strnncoll_gbk_internal  00000001400300e0 f   strings:ctype-gbk.obj
 0001:0002f220       my_strnncoll_gbk           0000000140030220 f   strings:ctype-gbk.obj
 0001:00033b50       bchange                    0000000140034b50 f   strings:bchange.obj
 0001:00033bc0       bmove_upp                  0000000140034bc0 f   strings:bmove_upp.obj
 0001:00034310       my_xml_parse               0000000140035310 f   strings:xml.obj
 0001:00034770       my_xml_parser_create       0000000140035770 f   strings:xml.obj
 0001:00034780       my_xml_parser_free         0000000140035780 f   strings:xml.obj
 0001:00034790       my_xml_set_value_handler   0000000140035790 f   strings:xml.obj
 0001:000347a0       my_xml_set_enter_handler   00000001400357a0 f   strings:xml.obj
 0001:000347b0       my_xml_set_leave_handler   00000001400357b0 f   strings:xml.obj
 0001:000347c0       my_xml_set_user_data       00000001400357c0 f   strings:xml.obj
 0001:000347d0       my_xml_error_string        00000001400357d0 f   strings:xml.obj
 0001:000347e0       my_xml_error_pos           00000001400357e0 f   strings:xml.obj
 0001:00034820       my_xml_error_lineno        0000000140035820 f   strings:xml.obj
 0001:00034850       my_caseup_str_mb           0000000140035850 f   strings:ctype-mb.obj
 0001:000348e0       my_casedn_str_mb           00000001400358e0 f   strings:ctype-mb.obj
 0001:00034970       my_caseup_mb               0000000140035970 f   strings:ctype-mb.obj
 0001:000349f0       my_casedn_mb               00000001400359f0 f   strings:ctype-mb.obj
 0001:00034a70       my_strcasecmp_mb           0000000140035a70 f   strings:ctype-mb.obj
 0001:00034b40       my_wildcmp_mb              0000000140035b40 f   strings:ctype-mb.obj
 0001:00034f60       my_numchars_mb             0000000140035f60 f   strings:ctype-mb.obj
 0001:00034fe0       my_charpos_mb              0000000140035fe0 f   strings:ctype-mb.obj
 0001:00035070       my_well_formed_len_mb      0000000140036070 f   strings:ctype-mb.obj
 0001:00035110       my_instr_mb                0000000140036110 f   strings:ctype-mb.obj
 0001:000354e0       my_like_range_mb           00000001400364e0 f   strings:ctype-mb.obj
 0001:00035b80       my_numcells_mb             0000000140036b80 f   strings:ctype-mb.obj
 0001:00035c20       my_mb_ctype_mb             0000000140036c20 f   strings:ctype-mb.obj
 0001:00035cc0       vio_delete                 0000000140036cc0 f   vio:vio.obj
 0001:00035d00       vio_end                    0000000140036d00 f   vio:vio.obj
 0001:000360e0       vio_reset                  00000001400370e0 f   vio:vio.obj
 0001:00036140       vio_new                    0000000140037140 f   vio:vio.obj
 0001:000361e0       vio_new_win32pipe          00000001400371e0 f   vio:vio.obj
 0001:00036240       vio_new_win32shared_memory 0000000140037240 f   vio:vio.obj
 0001:00036320       vio_errno                  0000000140037320 f   vio:viosocket.obj
 0001:00036330       vio_read                   0000000140037330 f   vio:viosocket.obj
[...]
 0003:0015d560       THR_LOCK_time              0000000140285560     <common>
 0003:0015d5a0       THR_COND_threads           00000001402855a0     <common>
 0003:0015d600       THR_LOCK_malloc            0000000140285600     <common>
 0003:0015d640       THR_LOCK_isam              0000000140285640     <common>
 0003:0015d680       THR_LOCK_myisam            0000000140285680     <common>
 0003:0015d6c0       THR_LOCK_heap              00000001402856c0     <common>
 0003:0015d700       THR_LOCK_open              0000000140285700     <common>
 0003:0015d740       THR_LOCK_charset           0000000140285740     <common>
 0003:0015d780       THR_LOCK_lock              0000000140285780     <common>
 0003:0015d7c0       LOCK_localtime_r           00000001402857c0     <common>
 0003:0015d800       THR_LOCK_net               0000000140285800     <common>
 0003:0015d828       _debugger_hook_dummy       0000000140285828     <common>
 0003:0015d834       __setlc_active             0000000140285834     <common>
 0003:0015d844       __unguarded_readlc_active  0000000140285844     <common>
 0003:0015d848       _nhandle                   0000000140285848     <common>
 0003:0015d8c0       __pioinfo                  00000001402858c0     <common>
 0003:0015dac0       _pDestructExceptionObject  0000000140285ac0     <common>
 0003:0015dad8       _acmdln                    0000000140285ad8     <common>
 0003:0015daec       __env_initialized          0000000140285aec     <common>
 0003:0015db00       __onexitend                0000000140285b00     <common>
 0003:0015db08       __onexitbegin              0000000140285b08     <common>
 0003:0015db10       __mbctype_initialized      0000000140285b10     <common>
 0003:0015db18       __dyn_tls_init_callback    0000000140285b18     <common>
 0003:0015db20       __piob                     0000000140285b20     <common>
 0003:0015de80       _bufin                     0000000140285e80     <common>
 0003:0015ee80       _nstream                   0000000140286e80     <common>
 0005:00000000       __IMPORT_DESCRIPTOR_KERNEL32 0000000140295000     kernel32:KERNEL32.dll
 0005:00000014       __IMPORT_DESCRIPTOR_ADVAPI32 0000000140295014     advapi32:ADVAPI32.dll
 0005:00000028       __IMPORT_DESCRIPTOR_WSOCK32 0000000140295028     wsock32:WSOCK32.dll
 0005:0000003c       __IMPORT_DESCRIPTOR_USER32 000000014029503c     user32:USER32.dll
 0005:00000050       __NULL_IMPORT_DESCRIPTOR   0000000140295050     kernel32:KERNEL32.dll
 0005:00000890       __imp_CryptGenRandom       0000000140295890     advapi32:ADVAPI32.dll
 0005:00000898       __imp_RegEnumValueA        0000000140295898     advapi32:ADVAPI32.dll
 0005:000008a0       __imp_RegOpenKeyExA        00000001402958a0     advapi32:ADVAPI32.dll
 0005:000008a8       __imp_CryptAcquireContextA 00000001402958a8     advapi32:ADVAPI32.dll
 0005:000008b0       __imp_CryptReleaseContext  00000001402958b0     advapi32:ADVAPI32.dll
 0005:000008b8       __imp_StartServiceCtrlDispatcherA 00000001402958b8     advapi32:ADVAPI32.dll
 0005:000008c0       __imp_RegisterServiceCtrlHandlerA 00000001402958c0     advapi32:ADVAPI32.dll
 0005:000008c8       __imp_DeleteService        00000001402958c8     advapi32:ADVAPI32.dll
 0005:000008d0       __imp_CreateServiceA       00000001402958d0     advapi32:ADVAPI32.dll
 0005:000008d8       __imp_SetServiceStatus     00000001402958d8     advapi32:ADVAPI32.dll
 0005:000008e0       __imp_OpenSCManagerA       00000001402958e0     advapi32:ADVAPI32.dll
 0005:000008e8       __imp_OpenServiceA         00000001402958e8     advapi32:ADVAPI32.dll
 0005:000008f0       __imp_CloseServiceHandle   00000001402958f0     advapi32:ADVAPI32.dll
 0005:000008f8       __imp_RegCloseKey          00000001402958f8     advapi32:ADVAPI32.dll
 0005:00000900       \177ADVAPI32_NULL_THUNK_DATA 0000000140295900     advapi32:ADVAPI32.dll
 0005:00000968       __imp_GetModuleHandleA     0000000140295968     kernel32:KERNEL32.dll
 0005:00000970       __imp_TerminateProcess     0000000140295970     kernel32:KERNEL32.dll
 0005:00000978       __imp_OpenProcess          0000000140295978     kernel32:KERNEL32.dll
 0005:00000980       __imp_GetCurrentThreadId   0000000140295980     kernel32:KERNEL32.dll
 0005:00000988       __imp_Sleep                0000000140295988     kernel32:KERNEL32.dll
 0005:00000990       __imp_GetFullPathNameA     0000000140295990     kernel32:KERNEL32.dll
 0005:00000998       __imp_GetModuleFileNameA   0000000140295998     kernel32:KERNEL32.dll
 0005:000009a0       __imp_SetHandleInformation 00000001402959a0     kernel32:KERNEL32.dll
 0005:000009a8       __imp_GetCurrentProcess    00000001402959a8     kernel32:KERNEL32.dll
 0005:000009b0       __imp_ReadFile             00000001402959b0     kernel32:KERNEL32.dll
 0005:000009b8       __imp_SetNamedPipeHandleState 00000001402959b8     kernel32:KERNEL32.dll
 0005:000009c0       __imp_WaitNamedPipeA       00000001402959c0     kernel32:KERNEL32.dll
 0005:000009c8       __imp_CreateFileA          00000001402959c8     kernel32:KERNEL32.dll
 0005:000009d0       __imp_DuplicateHandle      00000001402959d0     kernel32:KERNEL32.dll
 0005:000009d8       __imp_GetProcAddress       00000001402959d8     kernel32:KERNEL32.dll
 0005:000009e0       __imp_CreateRemoteThread   00000001402959e0     kernel32:KERNEL32.dll
 0005:000009e8       __imp_GetLastError         00000001402959e8     kernel32:KERNEL32.dll
 0005:000009f0       __imp_SetLastError         00000001402959f0     kernel32:KERNEL32.dll
 0005:000009f8       __imp_CreateProcessA       00000001402959f8     kernel32:KERNEL32.dll
 0005:00000a00       __imp_WaitForSingleObject  0000000140295a00     kernel32:KERNEL32.dll
 0005:00000a08       __imp_GetExitCodeProcess   0000000140295a08     kernel32:KERNEL32.dll
 0005:00000a10       __imp_CloseHandle          0000000140295a10     kernel32:KERNEL32.dll
 0005:00000a18       __imp_GetSystemTimeAsFileTime 0000000140295a18     kernel32:KERNEL32.dll
 0005:00000a20       __imp_DeleteCriticalSection 0000000140295a20     kernel32:KERNEL32.dll
 0005:00000a28       __imp_LoadLibraryW         0000000140295a28     kernel32:KERNEL32.dll
 0005:00000a30       __imp_SetEnvironmentVariableW 0000000140295a30     kernel32:KERNEL32.dll
 0005:00000a38       __imp_GetModuleFileNameW   0000000140295a38     kernel32:KERNEL32.dll
 0005:00000a40       __imp_DebugBreak           0000000140295a40     kernel32:KERNEL32.dll
 0005:00000a48       __imp_LeaveCriticalSection 0000000140295a48     kernel32:KERNEL32.dll
 0005:00000a50       __imp_EnterCriticalSection 0000000140295a50     kernel32:KERNEL32.dll
 0005:00000a58       __imp_CreatePipe           0000000140295a58     kernel32:KERNEL32.dll
 0005:00000a60       __imp_IsValidLocale        0000000140295a60     kernel32:KERNEL32.dll
 0005:00000a68       __imp_EnumSystemLocalesA   0000000140295a68     kernel32:KERNEL32.dll
 0005:00000a70       __imp_GetUserDefaultLCID   0000000140295a70     kernel32:KERNEL32.dll
 0005:00000a78       __imp_GetTimeFormatA       0000000140295a78     kernel32:KERNEL32.dll
 0005:00000a80       __imp_GetDateFormatA       0000000140295a80     kernel32:KERNEL32.dll
 0005:00000a88       __imp_GetStringTypeW       0000000140295a88     kernel32:KERNEL32.dll
 0005:00000a90       __imp_GetStringTypeA       0000000140295a90     kernel32:KERNEL32.dll
 0005:00000a98       __imp_SetEnvironmentVariableA 0000000140295a98     kernel32:KERNEL32.dll
 0005:00000aa0       __imp_CompareStringW       0000000140295aa0     kernel32:KERNEL32.dll
 0005:00000aa8       __imp_CompareStringA       0000000140295aa8     kernel32:KERNEL32.dll
 0005:00000ab0       __imp_WriteConsoleW        0000000140295ab0     kernel32:KERNEL32.dll
 0005:00000ab8       __imp_GetConsoleOutputCP   0000000140295ab8     kernel32:KERNEL32.dll
 0005:00000ac0       __imp_WriteConsoleA        0000000140295ac0     kernel32:KERNEL32.dll
 0005:00000ac8       __imp_LCMapStringW         0000000140295ac8     kernel32:KERNEL32.dll
 0005:00000ad0       __imp_LCMapStringA         0000000140295ad0     kernel32:KERNEL32.dll
 0005:00000ad8       __imp_GetLocaleInfoW       0000000140295ad8     kernel32:KERNEL32.dll
 0005:00000ae0       __imp_GetLocaleInfoA       0000000140295ae0     kernel32:KERNEL32.dll
 0005:00000ae8       __imp_CreateEventA         0000000140295ae8     kernel32:KERNEL32.dll
 0005:00000af0       __imp_SetEvent             0000000140295af0     kernel32:KERNEL32.dll
 0005:00000af8       __imp_ResetEvent           0000000140295af8     kernel32:KERNEL32.dll
 0005:00000b00       __imp_WaitForMultipleObjects 0000000140295b00     kernel32:KERNEL32.dll
 0005:00000b08       __imp_GetFileAttributesExA 0000000140295b08     kernel32:KERNEL32.dll
 0005:00000b10       __imp_GetSystemDirectoryA  0000000140295b10     kernel32:KERNEL32.dll
 0005:00000b18       __imp_GetWindowsDirectoryA 0000000140295b18     kernel32:KERNEL32.dll
 0005:00000b20       __imp_DeleteFileA          0000000140295b20     kernel32:KERNEL32.dll
 0005:00000b28       __imp_MoveFileA            0000000140295b28     kernel32:KERNEL32.dll
 0005:00000b30       __imp_GetTickCount         0000000140295b30     kernel32:KERNEL32.dll
 0005:00000b38       __imp_QueryPerformanceCounter 0000000140295b38     kernel32:KERNEL32.dll
 0005:00000b40       __imp_QueryPerformanceFrequency 0000000140295b40     kernel32:KERNEL32.dll
 0005:00000b48       __imp_TryEnterCriticalSection 0000000140295b48     kernel32:KERNEL32.dll
 0005:00000b50       __imp_SetThreadPriority    0000000140295b50     kernel32:KERNEL32.dll
 0005:00000b58       __imp_SetEndOfFile         0000000140295b58     kernel32:KERNEL32.dll
 0005:00000b60       __imp_SetFilePointer       0000000140295b60     kernel32:KERNEL32.dll
 0005:00000b68       __imp_GetFileAttributesA   0000000140295b68     kernel32:KERNEL32.dll
 0005:00000b70       __imp_GetOverlappedResult  0000000140295b70     kernel32:KERNEL32.dll
 0005:00000b78       __imp_CancelIo             0000000140295b78     kernel32:KERNEL32.dll
 0005:00000b80       __imp_WriteFile            0000000140295b80     kernel32:KERNEL32.dll
 0005:00000b88       __imp_DisconnectNamedPipe  0000000140295b88     kernel32:KERNEL32.dll
 0005:00000b90       __imp_UnmapViewOfFile      0000000140295b90     kernel32:KERNEL32.dll
 0005:00000b98       __imp_FindClose            0000000140295b98     kernel32:KERNEL32.dll
 0005:00000ba0       __imp_FindNextFileA        0000000140295ba0     kernel32:KERNEL32.dll
 0005:00000ba8       __imp_FindFirstFileA       0000000140295ba8     kernel32:KERNEL32.dll
 0005:00000bb0       __imp_FileTimeToSystemTime 0000000140295bb0     kernel32:KERNEL32.dll
 0005:00000bb8       __imp_FileTimeToLocalFileTime 0000000140295bb8     kernel32:KERNEL32.dll
 0005:00000bc0       __imp_GetDriveTypeA        0000000140295bc0     kernel32:KERNEL32.dll
 0005:00000bc8       __imp_ExitProcess          0000000140295bc8     kernel32:KERNEL32.dll
 0005:00000bd0       __imp_SetConsoleCtrlHandler 0000000140295bd0     kernel32:KERNEL32.dll
 0005:00000bd8       __imp_ReadConsoleInputA    0000000140295bd8     kernel32:KERNEL32.dll
 0005:00000be0       __imp_SetConsoleMode       0000000140295be0     kernel32:KERNEL32.dll
 0005:00000be8       __imp_GetConsoleMode       0000000140295be8     kernel32:KERNEL32.dll
 0005:00000bf0       __imp_PeekConsoleInputA    0000000140295bf0     kernel32:KERNEL32.dll
 0005:00000bf8       __imp_GetNumberOfConsoleInputEvents 0000000140295bf8     kernel32:KERNEL32.dll
 0005:00000c00       __imp_GetCommandLineA      0000000140295c00     kernel32:KERNEL32.dll
 0005:00000c08       __imp_HeapFree             0000000140295c08     kernel32:KERNEL32.dll
 0005:00000c10       __imp_GetVersionExA        0000000140295c10     kernel32:KERNEL32.dll
 0005:00000c18       __imp_HeapAlloc            0000000140295c18     kernel32:KERNEL32.dll
 0005:00000c20       __imp_GetProcessHeap       0000000140295c20     kernel32:KERNEL32.dll
 0005:00000c28       __imp_HeapReAlloc          0000000140295c28     kernel32:KERNEL32.dll
 0005:00000c30       __imp_GetFileInformationByHandle 0000000140295c30     kernel32:KERNEL32.dll
 0005:00000c38       __imp_PeekNamedPipe        0000000140295c38     kernel32:KERNEL32.dll
 0005:00000c40       __imp_GetFileType          0000000140295c40     kernel32:KERNEL32.dll
 0005:00000c48       __imp_SetStdHandle         0000000140295c48     kernel32:KERNEL32.dll
 0005:00000c50       __imp_WideCharToMultiByte  0000000140295c50     kernel32:KERNEL32.dll
 0005:00000c58       __imp_GetTimeZoneInformation 0000000140295c58     kernel32:KERNEL32.dll
 0005:00000c60       __imp_UnhandledExceptionFilter 0000000140295c60     kernel32:KERNEL32.dll
 0005:00000c68       __imp_SetUnhandledExceptionFilter 0000000140295c68     kernel32:KERNEL32.dll
 0005:00000c70       __imp_IsDebuggerPresent    0000000140295c70     kernel32:KERNEL32.dll
 0005:00000c78       __imp_RtlCaptureContext    0000000140295c78     kernel32:KERNEL32.dll
 0005:00000c80       __imp_ExitThread           0000000140295c80     kernel32:KERNEL32.dll
 0005:00000c88       __imp_ResumeThread         0000000140295c88     kernel32:KERNEL32.dll
 0005:00000c90       __imp_CreateThread         0000000140295c90     kernel32:KERNEL32.dll
 0005:00000c98       __imp_FlushFileBuffers     0000000140295c98     kernel32:KERNEL32.dll
 0005:00000ca0       __imp_GetStdHandle         0000000140295ca0     kernel32:KERNEL32.dll
 0005:00000ca8       __imp_FlsGetValue          0000000140295ca8     kernel32:KERNEL32.dll
 0005:00000cb0       __imp_TlsAlloc             0000000140295cb0     kernel32:KERNEL32.dll
 0005:00000cb8       __imp_FlsSetValue          0000000140295cb8     kernel32:KERNEL32.dll
 0005:00000cc0       __imp_TlsFree              0000000140295cc0     kernel32:KERNEL32.dll
 0005:00000cc8       __imp_FlsFree              0000000140295cc8     kernel32:KERNEL32.dll
 0005:00000cd0       __imp_TlsSetValue          0000000140295cd0     kernel32:KERNEL32.dll
 0005:00000cd8       __imp_GetCurrentThread     0000000140295cd8     kernel32:KERNEL32.dll
 0005:00000ce0       __imp_FlsAlloc             0000000140295ce0     kernel32:KERNEL32.dll
 0005:00000ce8       __imp_GetCurrentDirectoryA 0000000140295ce8     kernel32:KERNEL32.dll
 0005:00000cf0       __imp_SetCurrentDirectoryA 0000000140295cf0     kernel32:KERNEL32.dll
 0005:00000cf8       __imp_RtlVirtualUnwind     0000000140295cf8     kernel32:KERNEL32.dll
 0005:00000d00       __imp_RtlLookupFunctionEntry 0000000140295d00     kernel32:KERNEL32.dll
 0005:00000d08       __imp_RaiseException       0000000140295d08     kernel32:KERNEL32.dll
 0005:00000d10       __imp_RtlPcToFileHeader    0000000140295d10     kernel32:KERNEL32.dll
 0005:00000d18       __imp_RtlUnwindEx          0000000140295d18     kernel32:KERNEL32.dll
 0005:00000d20       __imp_SetHandleCount       0000000140295d20     kernel32:KERNEL32.dll
 0005:00000d28       __imp_GetStartupInfoA      0000000140295d28     kernel32:KERNEL32.dll
 0005:00000d30       __imp_FatalAppExitA        0000000140295d30     kernel32:KERNEL32.dll
 0005:00000d38       __imp_GetConsoleCP         0000000140295d38     kernel32:KERNEL32.dll
 0005:00000d40       __imp_FreeLibrary          0000000140295d40     kernel32:KERNEL32.dll
 0005:00000d48       __imp_LoadLibraryA         0000000140295d48     kernel32:KERNEL32.dll
 0005:00000d50       __imp_GetCPInfo            0000000140295d50     kernel32:KERNEL32.dll
 0005:00000d58       __imp_GetACP               0000000140295d58     kernel32:KERNEL32.dll
 0005:00000d60       __imp_GetOEMCP             0000000140295d60     kernel32:KERNEL32.dll
 0005:00000d68       __imp_IsValidCodePage      0000000140295d68     kernel32:KERNEL32.dll
 0005:00000d70       __imp_FreeEnvironmentStringsA 0000000140295d70     kernel32:KERNEL32.dll
 0005:00000d78       __imp_GetEnvironmentStrings 0000000140295d78     kernel32:KERNEL32.dll
 0005:00000d80       __imp_FreeEnvironmentStringsW 0000000140295d80     kernel32:KERNEL32.dll
 0005:00000d88       __imp_GetEnvironmentStringsW 0000000140295d88     kernel32:KERNEL32.dll
 0005:00000d90       __imp_HeapSetInformation   0000000140295d90     kernel32:KERNEL32.dll
 0005:00000d98       __imp_HeapCreate           0000000140295d98     kernel32:KERNEL32.dll
 0005:00000da0       __imp_HeapDestroy          0000000140295da0     kernel32:KERNEL32.dll
 0005:00000da8       __imp_GetCurrentProcessId  0000000140295da8     kernel32:KERNEL32.dll
 0005:00000db0       __imp_HeapSize             0000000140295db0     kernel32:KERNEL32.dll
 0005:00000db8       __imp_MultiByteToWideChar  0000000140295db8     kernel32:KERNEL32.dll
 0005:00000dc0       __imp_InitializeCriticalSection 0000000140295dc0     kernel32:KERNEL32.dll
 0005:00000dc8       \177KERNEL32_NULL_THUNK_DATA 0000000140295dc8     kernel32:KERNEL32.dll
 0005:00000f00       __imp_PeekMessageA         0000000140295f00     user32:USER32.dll
 0005:00000f08       __imp_KillTimer            0000000140295f08     user32:USER32.dll
 0005:00000f10       __imp_SetTimer             0000000140295f10     user32:USER32.dll
 0005:00000f18       \177USER32_NULL_THUNK_DATA 0000000140295f18     user32:USER32.dll
 0005:00000f70       __imp_recv                 0000000140295f70     wsock32:WSOCK32.dll
 0005:00000f78       __imp_gethostbyname        0000000140295f78     wsock32:WSOCK32.dll
 0005:00000f80       __imp_WSAStartup           0000000140295f80     wsock32:WSOCK32.dll
 0005:00000f88       __imp_WSACleanup           0000000140295f88     wsock32:WSOCK32.dll
 0005:00000f90       __imp_WSAGetLastError      0000000140295f90     wsock32:WSOCK32.dll
 0005:00000f98       __imp_send                 0000000140295f98     wsock32:WSOCK32.dll
 0005:00000fa0       __imp_select               0000000140295fa0     wsock32:WSOCK32.dll
 0005:00000fa8       __imp___WSAFDIsSet         0000000140295fa8     wsock32:WSOCK32.dll
 0005:00000fb0       __imp_accept               0000000140295fb0     wsock32:WSOCK32.dll
 0005:00000fb8       __imp_shutdown             0000000140295fb8     wsock32:WSOCK32.dll
 0005:00000fc0       __imp_socket               0000000140295fc0     wsock32:WSOCK32.dll
 0005:00000fc8       __imp_ntohs                0000000140295fc8     wsock32:WSOCK32.dll
 0005:00000fd0       __imp_getpeername          0000000140295fd0     wsock32:WSOCK32.dll
 0005:00000fd8       __imp_WSASetLastError      0000000140295fd8     wsock32:WSOCK32.dll
 0005:00000fe0       __imp_connect              0000000140295fe0     wsock32:WSOCK32.dll
 0005:00000fe8       __imp_inet_addr            0000000140295fe8     wsock32:WSOCK32.dll
 0005:00000ff0       __imp_htonl                0000000140295ff0     wsock32:WSOCK32.dll
 0005:00000ff8       __imp_htons                0000000140295ff8     wsock32:WSOCK32.dll
 0005:00001000       __imp_inet_ntoa            0000000140296000     wsock32:WSOCK32.dll
 0005:00001008       __imp_setsockopt           0000000140296008     wsock32:WSOCK32.dll
 0005:00001010       __imp_bind                 0000000140296010     wsock32:WSOCK32.dll
 0005:00001018       __imp_listen               0000000140296018     wsock32:WSOCK32.dll
 0005:00001020       __imp_closesocket          0000000140296020     wsock32:WSOCK32.dll
 0005:00001028       __imp_ioctlsocket          0000000140296028     wsock32:WSOCK32.dll
 0005:00001030       __imp_gethostname          0000000140296030     wsock32:WSOCK32.dll
 0005:00001038       \177WSOCK32_NULL_THUNK_DATA 0000000140296038     wsock32:WSOCK32.dll
 0006:00000000       _tls_start                 0000000140297000     LIBCMT:tlssup.obj
 0006:00000110       THR_KEY_mysys              0000000140297110     mysys:my_thr_init.obj
 0006:000002f6       _tls_end                   00000001402972f6     LIBCMT:tlssup.obj

 entry point at        0001:00060850

